Archive member included to satisfy reference by file (symbol)

/home/wumingju/Documents/aos/AliOS-Things/build/compiler/gcc-arm-none-eabi/Linux64/bin/../lib/gcc/arm-none-eabi/7.3.1/../../../../arm-none-eabi/lib/thumb/v7e-m/fpv4-sp/hard/libc_nano.a(lib_a-exit.o)
                              /home/wumingju/Documents/aos/AliOS-Things/build/compiler/gcc-arm-none-eabi/Linux64/bin/../lib/gcc/arm-none-eabi/7.3.1/../../../../arm-none-eabi/lib/thumb/v7e-m/fpv4-sp/hard/crt0.o (exit)
/home/wumingju/Documents/aos/AliOS-Things/build/compiler/gcc-arm-none-eabi/Linux64/bin/../lib/gcc/arm-none-eabi/7.3.1/../../../../arm-none-eabi/lib/thumb/v7e-m/fpv4-sp/hard/libc_nano.a(lib_a-impure.o)
                              /home/wumingju/Documents/aos/AliOS-Things/build/compiler/gcc-arm-none-eabi/Linux64/bin/../lib/gcc/arm-none-eabi/7.3.1/../../../../arm-none-eabi/lib/thumb/v7e-m/fpv4-sp/hard/libc_nano.a(lib_a-exit.o) (_global_impure_ptr)
/home/wumingju/Documents/aos/AliOS-Things/build/compiler/gcc-arm-none-eabi/Linux64/bin/../lib/gcc/arm-none-eabi/7.3.1/../../../../arm-none-eabi/lib/thumb/v7e-m/fpv4-sp/hard/libc_nano.a(lib_a-init.o)
                              /home/wumingju/Documents/aos/AliOS-Things/build/compiler/gcc-arm-none-eabi/Linux64/bin/../lib/gcc/arm-none-eabi/7.3.1/../../../../arm-none-eabi/lib/thumb/v7e-m/fpv4-sp/hard/crt0.o (__libc_init_array)
/home/wumingju/Documents/aos/AliOS-Things/build/compiler/gcc-arm-none-eabi/Linux64/bin/../lib/gcc/arm-none-eabi/7.3.1/../../../../arm-none-eabi/lib/thumb/v7e-m/fpv4-sp/hard/libc_nano.a(lib_a-locale.o)
                              GCC/build/mx_cli.o (__locale_ctype_ptr)
/home/wumingju/Documents/aos/AliOS-Things/build/compiler/gcc-arm-none-eabi/Linux64/bin/../lib/gcc/arm-none-eabi/7.3.1/../../../../arm-none-eabi/lib/thumb/v7e-m/fpv4-sp/hard/libc_nano.a(lib_a-malloc.o)
                              GCC/build/ATCmdParser.o (malloc)
/home/wumingju/Documents/aos/AliOS-Things/build/compiler/gcc-arm-none-eabi/Linux64/bin/../lib/gcc/arm-none-eabi/7.3.1/../../../../arm-none-eabi/lib/thumb/v7e-m/fpv4-sp/hard/libc_nano.a(lib_a-mbtowc_r.o)
                              /home/wumingju/Documents/aos/AliOS-Things/build/compiler/gcc-arm-none-eabi/Linux64/bin/../lib/gcc/arm-none-eabi/7.3.1/../../../../arm-none-eabi/lib/thumb/v7e-m/fpv4-sp/hard/libc_nano.a(lib_a-locale.o) (__ascii_mbtowc)
/home/wumingju/Documents/aos/AliOS-Things/build/compiler/gcc-arm-none-eabi/Linux64/bin/../lib/gcc/arm-none-eabi/7.3.1/../../../../arm-none-eabi/lib/thumb/v7e-m/fpv4-sp/hard/libc_nano.a(lib_a-memcmp.o)
                              GCC/build/ATCmdParser.o (memcmp)
/home/wumingju/Documents/aos/AliOS-Things/build/compiler/gcc-arm-none-eabi/Linux64/bin/../lib/gcc/arm-none-eabi/7.3.1/../../../../arm-none-eabi/lib/thumb/v7e-m/fpv4-sp/hard/libc_nano.a(lib_a-memcpy-stub.o)
                              GCC/build/mx_cli.o (memcpy)
/home/wumingju/Documents/aos/AliOS-Things/build/compiler/gcc-arm-none-eabi/Linux64/bin/../lib/gcc/arm-none-eabi/7.3.1/../../../../arm-none-eabi/lib/thumb/v7e-m/fpv4-sp/hard/libc_nano.a(lib_a-memmove.o)
                              GCC/build/mx_cli.o (memmove)
/home/wumingju/Documents/aos/AliOS-Things/build/compiler/gcc-arm-none-eabi/Linux64/bin/../lib/gcc/arm-none-eabi/7.3.1/../../../../arm-none-eabi/lib/thumb/v7e-m/fpv4-sp/hard/libc_nano.a(lib_a-memset.o)
                              /home/wumingju/Documents/aos/AliOS-Things/build/compiler/gcc-arm-none-eabi/Linux64/bin/../lib/gcc/arm-none-eabi/7.3.1/../../../../arm-none-eabi/lib/thumb/v7e-m/fpv4-sp/hard/crt0.o (memset)
/home/wumingju/Documents/aos/AliOS-Things/build/compiler/gcc-arm-none-eabi/Linux64/bin/../lib/gcc/arm-none-eabi/7.3.1/../../../../arm-none-eabi/lib/thumb/v7e-m/fpv4-sp/hard/libc_nano.a(lib_a-nano-freer.o)
                              /home/wumingju/Documents/aos/AliOS-Things/build/compiler/gcc-arm-none-eabi/Linux64/bin/../lib/gcc/arm-none-eabi/7.3.1/../../../../arm-none-eabi/lib/thumb/v7e-m/fpv4-sp/hard/libc_nano.a(lib_a-malloc.o) (_free_r)
/home/wumingju/Documents/aos/AliOS-Things/build/compiler/gcc-arm-none-eabi/Linux64/bin/../lib/gcc/arm-none-eabi/7.3.1/../../../../arm-none-eabi/lib/thumb/v7e-m/fpv4-sp/hard/libc_nano.a(lib_a-nano-mallocr.o)
                              /home/wumingju/Documents/aos/AliOS-Things/build/compiler/gcc-arm-none-eabi/Linux64/bin/../lib/gcc/arm-none-eabi/7.3.1/../../../../arm-none-eabi/lib/thumb/v7e-m/fpv4-sp/hard/libc_nano.a(lib_a-malloc.o) (_malloc_r)
/home/wumingju/Documents/aos/AliOS-Things/build/compiler/gcc-arm-none-eabi/Linux64/bin/../lib/gcc/arm-none-eabi/7.3.1/../../../../arm-none-eabi/lib/thumb/v7e-m/fpv4-sp/hard/libc_nano.a(lib_a-printf.o)
                              GCC/build/log.o (printf)
/home/wumingju/Documents/aos/AliOS-Things/build/compiler/gcc-arm-none-eabi/Linux64/bin/../lib/gcc/arm-none-eabi/7.3.1/../../../../arm-none-eabi/lib/thumb/v7e-m/fpv4-sp/hard/libc_nano.a(lib_a-puts.o)
                              GCC/build/mx_cli.o (puts)
[...]
Memory Configuration

Name             Origin             Length             Attributes
RAM              0x0000000020000000 0x0000000000020000 xrw
FLASH            0x0000000008000000 0x0000000000080000 xr
*default*        0x0000000000000000 0xffffffffffffffff

Linker script and memory map

LOAD /home/wumingju/Documents/aos/AliOS-Things/build/compiler/gcc-arm-none-eabi/Linux64/bin/../lib/gcc/arm-none-eabi/7.3.1/thumb/v7e-m/fpv4-sp/hard/crti.o
LOAD /home/wumingju/Documents/aos/AliOS-Things/build/compiler/gcc-arm-none-eabi/Linux64/bin/../lib/gcc/arm-none-eabi/7.3.1/thumb/v7e-m/fpv4-sp/hard/crtbegin.o
LOAD /home/wumingju/Documents/aos/AliOS-Things/build/compiler/gcc-arm-none-eabi/Linux64/bin/../lib/gcc/arm-none-eabi/7.3.1/../../../../arm-none-eabi/lib/thumb/v7e-m/fpv4-sp/hard/crt0.o
LOAD GCC/build/log.o
LOAD GCC/build/main.o
LOAD GCC/build/stm32f4xx_hal_msp.o
LOAD GCC/build/stm32f4xx_it.o
LOAD GCC/build/system_stm32f4xx.o
LOAD GCC/build/stm32f4xx_hal_tim.o
LOAD GCC/build/stm32f4xx_hal_tim_ex.o
LOAD GCC/build/stm32f4xx_hal_rcc.o
LOAD GCC/build/stm32f4xx_hal_rcc_ex.o
LOAD GCC/build/stm32f4xx_hal_flash.o
LOAD GCC/build/stm32f4xx_hal_flash_ex.o
LOAD GCC/build/stm32f4xx_hal_flash_ramfunc.o
LOAD GCC/build/stm32f4xx_hal_gpio.o
LOAD GCC/build/stm32f4xx_hal_uart.o
LOAD GCC/build/stm32f4xx_hal_dma_ex.o
LOAD GCC/build/stm32f4xx_hal_dma.o
LOAD GCC/build/stm32f4xx_hal_pwr.o
LOAD GCC/build/stm32f4xx_hal_pwr_ex.o
LOAD GCC/build/stm32f4xx_hal_cortex.o
LOAD GCC/build/stm32f4xx_hal.o
LOAD GCC/build/mx_gpio.o
LOAD GCC/build/mx_hal_atomic.o
LOAD GCC/build/mx_serial.o
LOAD GCC/build/mx_stdio.o
LOAD GCC/build/mx_tick.o
LOAD GCC/build/mx_uart.o
LOAD GCC/build/Retarget.o
LOAD GCC/build/mx_cli.o
LOAD GCC/build/ATCmdParser.o
LOAD GCC/build/emh_alisds.o
LOAD GCC/build/emh_arg.o
LOAD GCC/build/emh_ilop.o
LOAD GCC/build/emh_module.o
LOAD GCC/build/emh_wlan.o
LOAD GCC/build/mx_ringbuffer.o
LOAD GCC/build/at_test.o
LOAD GCC/build/startup_stm32f411xe.o
LOAD /home/wumingju/Documents/aos/AliOS-Things/build/compiler/gcc-arm-none-eabi/Linux64/bin/../lib/gcc/arm-none-eabi/7.3.1/../../../../arm-none-eabi/lib/thumb/v7e-m/fpv4-sp/hard/libc_nano.a
LOAD /home/wumingju/Documents/aos/AliOS-Things/build/compiler/gcc-arm-none-eabi/Linux64/bin/../lib/gcc/arm-none-eabi/7.3.1/../../../../arm-none-eabi/lib/thumb/v7e-m/fpv4-sp/hard/libm.a
LOAD /home/wumingju/Documents/aos/AliOS-Things/build/compiler/gcc-arm-none-eabi/Linux64/bin/../lib/gcc/arm-none-eabi/7.3.1/../../../../arm-none-eabi/lib/thumb/v7e-m/fpv4-sp/hard/libnosys.a
START GROUP
LOAD /home/wumingju/Documents/aos/AliOS-Things/build/compiler/gcc-arm-none-eabi/Linux64/bin/../lib/gcc/arm-none-eabi/7.3.1/thumb/v7e-m/fpv4-sp/hard/libgcc.a
LOAD /home/wumingju/Documents/aos/AliOS-Things/build/compiler/gcc-arm-none-eabi/Linux64/bin/../lib/gcc/arm-none-eabi/7.3.1/../../../../arm-none-eabi/lib/thumb/v7e-m/fpv4-sp/hard/libc_nano.a
END GROUP
START GROUP
LOAD /home/wumingju/Documents/aos/AliOS-Things/build/compiler/gcc-arm-none-eabi/Linux64/bin/../lib/gcc/arm-none-eabi/7.3.1/thumb/v7e-m/fpv4-sp/hard/libgcc.a
LOAD /home/wumingju/Documents/aos/AliOS-Things/build/compiler/gcc-arm-none-eabi/Linux64/bin/../lib/gcc/arm-none-eabi/7.3.1/../../../../arm-none-eabi/lib/thumb/v7e-m/fpv4-sp/hard/libc_nano.a
END GROUP
LOAD /home/wumingju/Documents/aos/AliOS-Things/build/compiler/gcc-arm-none-eabi/Linux64/bin/../lib/gcc/arm-none-eabi/7.3.1/thumb/v7e-m/fpv4-sp/hard/crtend.o
LOAD /home/wumingju/Documents/aos/AliOS-Things/build/compiler/gcc-arm-none-eabi/Linux64/bin/../lib/gcc/arm-none-eabi/7.3.1/thumb/v7e-m/fpv4-sp/hard/crtn.o
                0x0000000020020000                _estack = 0x20020000
                0x0000000000000200                _Min_Heap_Size = 0x200
                0x0000000000000400                _Min_Stack_Size = 0x400

.isr_vector     0x0000000008000000      0x198
                0x0000000008000000                . = ALIGN (0x4)
 *(.isr_vector)
 .isr_vector    0x0000000008000000      0x198 GCC/build/startup_stm32f411xe.o
                0x0000000008000000                g_pfnVectors
                0x0000000008000198                . = ALIGN (0x4)

.text           0x00000000080001a0     0x4784
                0x00000000080001a0                . = ALIGN (0x4)
 *(.text)
 .text          0x00000000080001a0       0x40 /home/wumingju/Documents/aos/AliOS-Things/build/compiler/gcc-arm-none-eabi/Linux64/bin/../lib/gcc/arm-none-eabi/7.3.1/thumb/v7e-m/fpv4-sp/hard/crtbegin.o
 .text          0x00000000080001e0       0x14 /home/wumingju/Documents/aos/AliOS-Things/build/compiler/gcc-arm-none-eabi/Linux64/bin/../lib/gcc/arm-none-eabi/7.3.1/../../../../arm-none-eabi/lib/thumb/v7e-m/fpv4-sp/hard/libc_nano.a(lib_a-strcmp.o)
                0x00000000080001e0                strcmp
 .text          0x00000000080001f4       0x10 /home/wumingju/Documents/aos/AliOS-Things/build/compiler/gcc-arm-none-eabi/Linux64/bin/../lib/gcc/arm-none-eabi/7.3.1/../../../../arm-none-eabi/lib/thumb/v7e-m/fpv4-sp/hard/libc_nano.a(lib_a-strlen.o)
                0x00000000080001f4                strlen
 *fill*         0x0000000008000204        0xc 
 .text          0x0000000008000210       0xa0 /home/wumingju/Documents/aos/AliOS-Things/build/compiler/gcc-arm-none-eabi/Linux64/bin/../lib/gcc/arm-none-eabi/7.3.1/../../../../arm-none-eabi/lib/thumb/v7e-m/fpv4-sp/hard/libc_nano.a(lib_a-memchr.o)
                0x0000000008000210                memchr
 .text          0x00000000080002b0       0x30 /home/wumingju/Documents/aos/AliOS-Things/build/compiler/gcc-arm-none-eabi/Linux64/bin/../lib/gcc/arm-none-eabi/7.3.1/thumb/v7e-m/fpv4-sp/hard/libgcc.a(_aeabi_uldivmod.o)
                0x00000000080002b0                __aeabi_uldivmod
 .text          0x00000000080002e0      0x2cc /home/wumingju/Documents/aos/AliOS-Things/build/compiler/gcc-arm-none-eabi/Linux64/bin/../lib/gcc/arm-none-eabi/7.3.1/thumb/v7e-m/fpv4-sp/hard/libgcc.a(_udivmoddi4.o)
                0x00000000080002e0                __udivmoddi4
 .text          0x00000000080005ac        0x4 /home/wumingju/Documents/aos/AliOS-Things/build/compiler/gcc-arm-none-eabi/Linux64/bin/../lib/gcc/arm-none-eabi/7.3.1/thumb/v7e-m/fpv4-sp/hard/libgcc.a(_dvmd_tls.o)
                0x00000000080005ac                __aeabi_ldiv0
                0x00000000080005ac                __aeabi_idiv0
 *(.text*)
 .text.MX_NVIC_Init
                0x00000000080005b0       0x24 GCC/build/main.o
 .text._Error_Handler
                0x00000000080005d4        0x2 GCC/build/main.o
                0x00000000080005d4                _Error_Handler
 *fill*         0x00000000080005d6        0x2 
 .text.SystemClock_Config
                0x00000000080005d8       0xc0 GCC/build/main.o
                0x00000000080005d8                SystemClock_Config
 .text.main     0x0000000008000698       0x20 GCC/build/main.o
                0x0000000008000698                main
 .text.HAL_MspInit
                0x00000000080006b8       0x94 GCC/build/stm32f4xx_hal_msp.o
                0x00000000080006b8                HAL_MspInit
 .text.NMI_Handler
                0x000000000800074c        0x2 GCC/build/stm32f4xx_it.o
                0x000000000800074c                NMI_Handler
 .text.HardFault_Handler
                0x000000000800074e        0x2 GCC/build/stm32f4xx_it.o
                0x000000000800074e                HardFault_Handler
 .text.MemManage_Handler
                0x0000000008000750        0x2 GCC/build/stm32f4xx_it.o
                0x0000000008000750                MemManage_Handler
 .text.BusFault_Handler
                0x0000000008000752        0x2 GCC/build/stm32f4xx_it.o
                0x0000000008000752                BusFault_Handler
 .text.UsageFault_Handler
                0x0000000008000754        0x2 GCC/build/stm32f4xx_it.o
                0x0000000008000754                UsageFault_Handler
 .text.SVC_Handler
                0x0000000008000756        0x2 GCC/build/stm32f4xx_it.o
                0x0000000008000756                SVC_Handler
 .text.DebugMon_Handler
                0x0000000008000758        0x2 GCC/build/stm32f4xx_it.o
                0x0000000008000758                DebugMon_Handler
 .text.PendSV_Handler
                0x000000000800075a        0x2 GCC/build/stm32f4xx_it.o
                0x000000000800075a                PendSV_Handler
 .text.SysTick_Handler
                0x000000000800075c        0xc GCC/build/stm32f4xx_it.o
                0x000000000800075c                SysTick_Handler
 .text.SystemInit
                0x0000000008000768       0x4c GCC/build/system_stm32f4xx.o
                0x0000000008000768                SystemInit
 .text.HAL_RCC_OscConfig
                0x00000000080007b4      0x398 GCC/build/stm32f4xx_hal_rcc.o
                0x00000000080007b4                HAL_RCC_OscConfig
 .text.HAL_RCC_GetSysClockFreq
                0x0000000008000b4c       0xa8 GCC/build/stm32f4xx_hal_rcc.o
                0x0000000008000b4c                HAL_RCC_GetSysClockFreq
 .text.HAL_RCC_ClockConfig
                0x0000000008000bf4      0x158 GCC/build/stm32f4xx_hal_rcc.o
                0x0000000008000bf4                HAL_RCC_ClockConfig
 .text.HAL_RCC_GetHCLKFreq
                0x0000000008000d4c        0xc GCC/build/stm32f4xx_hal_rcc.o
                0x0000000008000d4c                HAL_RCC_GetHCLKFreq
 .text.HAL_RCC_GetPCLK1Freq
                0x0000000008000d58       0x20 GCC/build/stm32f4xx_hal_rcc.o
                0x0000000008000d58                HAL_RCC_GetPCLK1Freq
 .text.HAL_RCC_GetPCLK2Freq
                0x0000000008000d78       0x20 GCC/build/stm32f4xx_hal_rcc.o
                0x0000000008000d78                HAL_RCC_GetPCLK2Freq
 .text.HAL_GPIO_Init
                0x0000000008000d98      0x1a4 GCC/build/stm32f4xx_hal_gpio.o
                0x0000000008000d98                HAL_GPIO_Init
 .text.HAL_GPIO_WritePin
                0x0000000008000f3c        0xc GCC/build/stm32f4xx_hal_gpio.o
                0x0000000008000f3c                HAL_GPIO_WritePin
 .text.HAL_GPIO_TogglePin
                0x0000000008000f48        0x8 GCC/build/stm32f4xx_hal_gpio.o
                0x0000000008000f48                HAL_GPIO_TogglePin
 .text.UART_SetConfig
                0x0000000008000f50      0x334 GCC/build/stm32f4xx_hal_uart.o
 .text.UART_WaitOnFlagUntilTimeout
                0x0000000008001284       0x62 GCC/build/stm32f4xx_hal_uart.o
 .text.HAL_UART_Init
                0x00000000080012e6       0x5e GCC/build/stm32f4xx_hal_uart.o
                0x00000000080012e6                HAL_UART_Init
 .text.HAL_UART_Transmit
                0x0000000008001344       0xe0 GCC/build/stm32f4xx_hal_uart.o
                0x0000000008001344                HAL_UART_Transmit
 .text.HAL_UART_Receive
                0x0000000008001424       0xe4 GCC/build/stm32f4xx_hal_uart.o
                0x0000000008001424                HAL_UART_Receive
 .text.HAL_NVIC_SetPriorityGrouping
                0x0000000008001508       0x24 GCC/build/stm32f4xx_hal_cortex.o
                0x0000000008001508                HAL_NVIC_SetPriorityGrouping
 .text.HAL_NVIC_SetPriority
                0x000000000800152c       0x68 GCC/build/stm32f4xx_hal_cortex.o
                0x000000000800152c                HAL_NVIC_SetPriority
 .text.HAL_NVIC_EnableIRQ
                0x0000000008001594       0x18 GCC/build/stm32f4xx_hal_cortex.o
                0x0000000008001594                HAL_NVIC_EnableIRQ
 .text.HAL_SYSTICK_Config
                0x00000000080015ac       0x2c GCC/build/stm32f4xx_hal_cortex.o
                0x00000000080015ac                HAL_SYSTICK_Config
 .text.HAL_SYSTICK_CLKSourceConfig
                0x00000000080015d8       0x20 GCC/build/stm32f4xx_hal_cortex.o
                0x00000000080015d8                HAL_SYSTICK_CLKSourceConfig
 .text.HAL_SYSTICK_Callback
                0x00000000080015f8        0x2 GCC/build/stm32f4xx_hal_cortex.o
                0x00000000080015f8                HAL_SYSTICK_Callback
 .text.HAL_SYSTICK_IRQHandler
                0x00000000080015fa        0x8 GCC/build/stm32f4xx_hal_cortex.o
                0x00000000080015fa                HAL_SYSTICK_IRQHandler
 *fill*         0x0000000008001602        0x2 
 .text.HAL_InitTick
                0x0000000008001604       0x4c GCC/build/stm32f4xx_hal.o
                0x0000000008001604                HAL_InitTick
 .text.HAL_Init
                0x0000000008001650       0x34 GCC/build/stm32f4xx_hal.o
                0x0000000008001650                HAL_Init
 .text.HAL_IncTick
                0x0000000008001684       0x18 GCC/build/stm32f4xx_hal.o
                0x0000000008001684                HAL_IncTick
 .text.HAL_GetTick
                0x000000000800169c        0xc GCC/build/stm32f4xx_hal.o
                0x000000000800169c                HAL_GetTick
 .text.mx_hal_gpio_init
                0x00000000080016a8       0x40 GCC/build/mx_gpio.o
                0x00000000080016a8                mx_hal_gpio_init
 .text.mx_hal_sys_led
                0x00000000080016e8       0x20 GCC/build/mx_gpio.o
                0x00000000080016e8                mx_hal_sys_led
 .text.mx_hal_sys_led_toggle
                0x0000000008001708       0x10 GCC/build/mx_gpio.o
                0x0000000008001708                mx_hal_sys_led_toggle
 .text.atomic_enter_critical
                0x0000000008001718        0xe GCC/build/mx_hal_atomic.o
                0x0000000008001718                atomic_enter_critical
 .text.atomic_leave_critical
                0x0000000008001726        0xc GCC/build/mx_hal_atomic.o
                0x0000000008001726                atomic_leave_critical
 *fill*         0x0000000008001732        0x2 
 .text.at_async_read
                0x0000000008001734       0x4c GCC/build/mx_serial.o
 .text.mx_hal_serial_init
                0x0000000008001780       0x58 GCC/build/mx_serial.o
                0x0000000008001780                mx_hal_serial_init
 .text.mx_hal_serial_putc
                0x00000000080017d8       0x24 GCC/build/mx_serial.o
                0x00000000080017d8                mx_hal_serial_putc
 .text.mx_hal_serial_getc
                0x00000000080017fc       0x38 GCC/build/mx_serial.o
                0x00000000080017fc                mx_hal_serial_getc
 .text.mx_hal_serial_readable
                0x0000000008001834       0x18 GCC/build/mx_serial.o
                0x0000000008001834                mx_hal_serial_readable
 .text.set_serial_ringbuffer
                0x000000000800184c       0x24 GCC/build/mx_serial.o
                0x000000000800184c                set_serial_ringbuffer
 .text.USART2_IRQHandler
                0x0000000008001870       0x14 GCC/build/mx_serial.o
                0x0000000008001870                USART2_IRQHandler
 .text.at_async_read
                0x0000000008001884       0x4c GCC/build/mx_stdio.o
 .text.mx_hal_stdio_init
                0x00000000080018d0       0x64 GCC/build/mx_stdio.o
                0x00000000080018d0                mx_hal_stdio_init
 .text.mx_hal_cli_putstr
                0x0000000008001934       0x14 GCC/build/mx_stdio.o
                0x0000000008001934                mx_hal_cli_putstr
 .text.mx_hal_cli_getc
                0x0000000008001948       0x22 GCC/build/mx_stdio.o
                0x0000000008001948                mx_hal_cli_getc
 *fill*         0x000000000800196a        0x2 
 .text.set_stdio_ringbuffer
                0x000000000800196c       0x24 GCC/build/mx_stdio.o
                0x000000000800196c                set_stdio_ringbuffer
 .text.USART1_IRQHandler
                0x0000000008001990       0x14 GCC/build/mx_stdio.o
                0x0000000008001990                USART1_IRQHandler
 .text.mx_hal_ms_ticker_init
                0x00000000080019a4        0x2 GCC/build/mx_tick.o
                0x00000000080019a4                mx_hal_ms_ticker_init
 .text.mx_hal_ms_ticker_read
                0x00000000080019a6        0x8 GCC/build/mx_tick.o
                0x00000000080019a6                mx_hal_ms_ticker_read
 *fill*         0x00000000080019ae        0x2 
 .text.mx_hal_uart_init
                0x00000000080019b0       0xd8 GCC/build/mx_uart.o
                0x00000000080019b0                mx_hal_uart_init
 .text.mx_hal_stdio_iaq_set
                0x0000000008001a88       0x1c GCC/build/mx_uart.o
                0x0000000008001a88                mx_hal_stdio_iaq_set
 .text.mx_hal_serial_iaq_set
                0x0000000008001aa4       0x1c GCC/build/mx_uart.o
                0x0000000008001aa4                mx_hal_serial_iaq_set
 .text.mx_hal_uart_send
                0x0000000008001ac0       0x2c GCC/build/mx_uart.o
                0x0000000008001ac0                mx_hal_uart_send
 .text.HAL_UART_MspInit
                0x0000000008001aec       0x98 GCC/build/mx_uart.o
                0x0000000008001aec                HAL_UART_MspInit
 .text._read    0x0000000008001b84       0x24 GCC/build/Retarget.o
                0x0000000008001b84                _read
 .text._write   0x0000000008001ba8       0x20 GCC/build/Retarget.o
                0x0000000008001ba8                _write
 .text.lookup_command
                0x0000000008001bc8       0x60 GCC/build/mx_cli.o
 .text.cli_putstr
                0x0000000008001c28       0x1c GCC/build/mx_cli.o
 .text.help_command
                0x0000000008001c44       0xa0 GCC/build/mx_cli.o
 .text.echo_cmd_handler
                0x0000000008001ce4       0x94 GCC/build/mx_cli.o
 .text.cli_register_command
                0x0000000008001d78       0x58 GCC/build/mx_cli.o
                0x0000000008001d78                cli_register_command
 .text.cli_register_commands
                0x0000000008001dd0       0x22 GCC/build/mx_cli.o
                0x0000000008001dd0                cli_register_commands
 *fill*         0x0000000008001df2        0x2 
 .text.cli_init
                0x0000000008001df4       0x3c GCC/build/mx_cli.o
                0x0000000008001df4                cli_init
 .text.cli_printf
                0x0000000008001e30       0x3e GCC/build/mx_cli.o
                0x0000000008001e30                cli_printf
 *fill*         0x0000000008001e6e        0x2 
 .text.tab_complete
                0x0000000008001e70       0xdc GCC/build/mx_cli.o
 .text.handle_input
                0x0000000008001f4c      0x1bc GCC/build/mx_cli.o
 .text.print_bad_command
                0x0000000008002108       0x4c GCC/build/mx_cli.o
 .text.cli_getchar
                0x0000000008002154       0x16 GCC/build/mx_cli.o
                0x0000000008002154                cli_getchar
 *fill*         0x000000000800216a        0x2 
 .text.get_input
                0x000000000800216c       0xa8 GCC/build/mx_cli.o
 .text.cli_loop
                0x0000000008002214       0x60 GCC/build/mx_cli.o
                0x0000000008002214                cli_loop
 .text.debug_if
                0x0000000008002274       0x1e GCC/build/ATCmdParser.o
 *fill*         0x0000000008002292        0x2 
 .text.ATCmdParser_vrecv
                0x0000000008002294      0x248 GCC/build/ATCmdParser.o
                0x0000000008002294                ATCmdParser_vrecv
 .text.ATCmdParser_recv
                0x00000000080024dc       0x1c GCC/build/ATCmdParser.o
                0x00000000080024dc                ATCmdParser_recv
 .text.ATCmdParser_add_oob
                0x00000000080024f8       0x28 GCC/build/ATCmdParser.o
                0x00000000080024f8                ATCmdParser_add_oob
 .text.ATCmdParser_process_oob
                0x0000000008002520       0xac GCC/build/ATCmdParser.o
                0x0000000008002520                ATCmdParser_process_oob
 .text.ATCmdParser_vsend
                0x00000000080025cc       0x6c GCC/build/ATCmdParser.o
                0x00000000080025cc                ATCmdParser_vsend
 .text.ATCmdParser_send
                0x0000000008002638       0x1c GCC/build/ATCmdParser.o
                0x0000000008002638                ATCmdParser_send
 .text.ATCmdParser_init
                0x0000000008002654       0x34 GCC/build/ATCmdParser.o
                0x0000000008002654                ATCmdParser_init
 .text.emh_arg_for_arg
                0x0000000008002688       0x32 GCC/build/emh_arg.o
                0x0000000008002688                emh_arg_for_arg
 .text.emh_ev_unknown
                0x00000000080026ba        0x2 GCC/build/emh_module.o
                0x00000000080026ba                emh_ev_unknown
 .text.emh_module_reset
                0x00000000080026bc       0x6c GCC/build/emh_module.o
                0x00000000080026bc                emh_module_reset
 .text.emh_init
                0x0000000008002728       0x44 GCC/build/emh_module.o
                0x0000000008002728                emh_init
 .text.emh_module_get_fw_version
                0x000000000800276c       0x2c GCC/build/emh_module.o
                0x000000000800276c                emh_module_get_fw_version
 .text.emh_module_get_tick
                0x0000000008002798       0x30 GCC/build/emh_module.o
                0x0000000008002798                emh_module_get_tick
 .text.emh_runloop
                0x00000000080027c8       0x10 GCC/build/emh_module.o
                0x00000000080027c8                emh_runloop
 .text.emh_wlan_event_handler
                0x00000000080027d8       0x64 GCC/build/emh_wlan.o
                0x00000000080027d8                emh_wlan_event_handler
 .text.ringbuffer_init
                0x000000000800283c       0x60 GCC/build/mx_ringbuffer.o
                0x000000000800283c                ringbuffer_init
 .text.ringbuffer_get
                0x000000000800289c       0x58 GCC/build/mx_ringbuffer.o
                0x000000000800289c                ringbuffer_get
 .text.ringbuffer_put
                0x00000000080028f4       0x54 GCC/build/mx_ringbuffer.o
                0x00000000080028f4                ringbuffer_put
 .text.ringbuffer_num
                0x0000000008002948        0x8 GCC/build/mx_ringbuffer.o
                0x0000000008002948                ringbuffer_num
 .text.application_start
                0x0000000008002950       0xc4 GCC/build/at_test.o
                0x0000000008002950                application_start
 .text.Reset_Handler
                0x0000000008002a14       0x50 GCC/build/startup_stm32f411xe.o
                0x0000000008002a14                Reset_Handler
 .text.Default_Handler
                0x0000000008002a64        0x2 GCC/build/startup_stm32f411xe.o
                0x0000000008002a64                RTC_Alarm_IRQHandler
                0x0000000008002a64                EXTI2_IRQHandler
                0x0000000008002a64                SPI4_IRQHandler
                0x0000000008002a64                TIM1_CC_IRQHandler
                0x0000000008002a64                DMA2_Stream5_IRQHandler
                0x0000000008002a64                DMA1_Stream5_IRQHandler
                0x0000000008002a64                PVD_IRQHandler
                0x0000000008002a64                SDIO_IRQHandler
                0x0000000008002a64                TAMP_STAMP_IRQHandler
                0x0000000008002a64                EXTI3_IRQHandler
                0x0000000008002a64                TIM1_UP_TIM10_IRQHandler
                0x0000000008002a64                I2C3_ER_IRQHandler
                0x0000000008002a64                EXTI0_IRQHandler
                0x0000000008002a64                I2C2_EV_IRQHandler
                0x0000000008002a64                DMA1_Stream2_IRQHandler
                0x0000000008002a64                FPU_IRQHandler
                0x0000000008002a64                DMA2_Stream2_IRQHandler
                0x0000000008002a64                SPI1_IRQHandler
                0x0000000008002a64                TIM1_BRK_TIM9_IRQHandler
                0x0000000008002a64                DMA2_Stream3_IRQHandler
                0x0000000008002a64                USART6_IRQHandler
                0x0000000008002a64                DMA2_Stream0_IRQHandler
                0x0000000008002a64                TIM4_IRQHandler
                0x0000000008002a64                I2C1_EV_IRQHandler
                0x0000000008002a64                DMA1_Stream6_IRQHandler
                0x0000000008002a64                DMA1_Stream1_IRQHandler
                0x0000000008002a64                TIM3_IRQHandler
                0x0000000008002a64                RCC_IRQHandler
                0x0000000008002a64                Default_Handler
                0x0000000008002a64                EXTI15_10_IRQHandler
                0x0000000008002a64                ADC_IRQHandler
                0x0000000008002a64                DMA1_Stream7_IRQHandler
                0x0000000008002a64                SPI5_IRQHandler
                0x0000000008002a64                TIM5_IRQHandler
                0x0000000008002a64                DMA2_Stream7_IRQHandler
                0x0000000008002a64                I2C3_EV_IRQHandler
                0x0000000008002a64                EXTI9_5_IRQHandler
                0x0000000008002a64                RTC_WKUP_IRQHandler
                0x0000000008002a64                SPI2_IRQHandler
                0x0000000008002a64                DMA1_Stream0_IRQHandler
                0x0000000008002a64                EXTI4_IRQHandler
                0x0000000008002a64                WWDG_IRQHandler
                0x0000000008002a64                TIM2_IRQHandler
                0x0000000008002a64                OTG_FS_WKUP_IRQHandler
                0x0000000008002a64                TIM1_TRG_COM_TIM11_IRQHandler
                0x0000000008002a64                EXTI1_IRQHandler
                0x0000000008002a64                I2C2_ER_IRQHandler
                0x0000000008002a64                DMA2_Stream1_IRQHandler
                0x0000000008002a64                FLASH_IRQHandler
                0x0000000008002a64                DMA2_Stream4_IRQHandler
                0x0000000008002a64                OTG_FS_IRQHandler
                0x0000000008002a64                SPI3_IRQHandler
                0x0000000008002a64                DMA1_Stream4_IRQHandler
                0x0000000008002a64                I2C1_ER_IRQHandler
                0x0000000008002a64                DMA2_Stream6_IRQHandler
                0x0000000008002a64                DMA1_Stream3_IRQHandler
 *fill*         0x0000000008002a66        0x2 
 .text.__libc_init_array
                0x0000000008002a68       0x48 /home/wumingju/Documents/aos/AliOS-Things/build/compiler/gcc-arm-none-eabi/Linux64/bin/../lib/gcc/arm-none-eabi/7.3.1/../../../../arm-none-eabi/lib/thumb/v7e-m/fpv4-sp/hard/libc_nano.a(lib_a-init.o)
                0x0000000008002a68                __libc_init_array
 .text.__locale_ctype_ptr_l
                0x0000000008002ab0        0x6 /home/wumingju/Documents/aos/AliOS-Things/build/compiler/gcc-arm-none-eabi/Linux64/bin/../lib/gcc/arm-none-eabi/7.3.1/../../../../arm-none-eabi/lib/thumb/v7e-m/fpv4-sp/hard/libc_nano.a(lib_a-locale.o)
                0x0000000008002ab0                __locale_ctype_ptr_l
 *fill*         0x0000000008002ab6        0x2 
 .text.__locale_ctype_ptr
                0x0000000008002ab8       0x1c /home/wumingju/Documents/aos/AliOS-Things/build/compiler/gcc-arm-none-eabi/Linux64/bin/../lib/gcc/arm-none-eabi/7.3.1/../../../../arm-none-eabi/lib/thumb/v7e-m/fpv4-sp/hard/libc_nano.a(lib_a-locale.o)
                0x0000000008002ab8                __locale_ctype_ptr
 .text.malloc   0x0000000008002ad4       0x10 /home/wumingju/Documents/aos/AliOS-Things/build/compiler/gcc-arm-none-eabi/Linux64/bin/../lib/gcc/arm-none-eabi/7.3.1/../../../../arm-none-eabi/lib/thumb/v7e-m/fpv4-sp/hard/libc_nano.a(lib_a-malloc.o)
                0x0000000008002ad4                malloc
 .text.__ascii_mbtowc
                0x0000000008002ae4       0x24 /home/wumingju/Documents/aos/AliOS-Things/build/compiler/gcc-arm-none-eabi/Linux64/bin/../lib/gcc/arm-none-eabi/7.3.1/../../../../arm-none-eabi/lib/thumb/v7e-m/fpv4-sp/hard/libc_nano.a(lib_a-mbtowc_r.o)
                0x0000000008002ae4                __ascii_mbtowc
 .text.memcmp   0x0000000008002b08       0x1e /home/wumingju/Documents/aos/AliOS-Things/build/compiler/gcc-arm-none-eabi/Linux64/bin/../lib/gcc/arm-none-eabi/7.3.1/../../../../arm-none-eabi/lib/thumb/v7e-m/fpv4-sp/hard/libc_nano.a(lib_a-memcmp.o)
                0x0000000008002b08                memcmp
 .text.memcpy   0x0000000008002b26       0x16 /home/wumingju/Documents/aos/AliOS-Things/build/compiler/gcc-arm-none-eabi/Linux64/bin/../lib/gcc/arm-none-eabi/7.3.1/../../../../arm-none-eabi/lib/thumb/v7e-m/fpv4-sp/hard/libc_nano.a(lib_a-memcpy-stub.o)
                0x0000000008002b26                memcpy
 .text.memmove  0x0000000008002b3c       0x32 /home/wumingju/Documents/aos/AliOS-Things/build/compiler/gcc-arm-none-eabi/Linux64/bin/../lib/gcc/arm-none-eabi/7.3.1/../../../../arm-none-eabi/lib/thumb/v7e-m/fpv4-sp/hard/libc_nano.a(lib_a-memmove.o)
                0x0000000008002b3c                memmove
 .text.memset   0x0000000008002b6e       0x10 /home/wumingju/Documents/aos/AliOS-Things/build/compiler/gcc-arm-none-eabi/Linux64/bin/../lib/gcc/arm-none-eabi/7.3.1/../../../../arm-none-eabi/lib/thumb/v7e-m/fpv4-sp/hard/libc_nano.a(lib_a-memset.o)
                0x0000000008002b6e                memset
 *fill*         0x0000000008002b7e        0x2 
 .text._free_r  0x0000000008002b80       0x9c /home/wumingju/Documents/aos/AliOS-Things/build/compiler/gcc-arm-none-eabi/Linux64/bin/../lib/gcc/arm-none-eabi/7.3.1/../../../../arm-none-eabi/lib/thumb/v7e-m/fpv4-sp/hard/libc_nano.a(lib_a-nano-freer.o)
                0x0000000008002b80                _free_r
 .text._malloc_r
                0x0000000008002c1c       0xb4 /home/wumingju/Documents/aos/AliOS-Things/build/compiler/gcc-arm-none-eabi/Linux64/bin/../lib/gcc/arm-none-eabi/7.3.1/../../../../arm-none-eabi/lib/thumb/v7e-m/fpv4-sp/hard/libc_nano.a(lib_a-nano-mallocr.o)
                0x0000000008002c1c                _malloc_r
 .text.printf   0x0000000008002cd0       0x30 /home/wumingju/Documents/aos/AliOS-Things/build/compiler/gcc-arm-none-eabi/Linux64/bin/../lib/gcc/arm-none-eabi/7.3.1/../../../../arm-none-eabi/lib/thumb/v7e-m/fpv4-sp/hard/libc_nano.a(lib_a-printf.o)
                0x0000000008002cd0                printf
                0x0000000008002cd0                iprintf
 .text._puts_r  0x0000000008002d00       0xb8 /home/wumingju/Documents/aos/AliOS-Things/build/compiler/gcc-arm-none-eabi/Linux64/bin/../lib/gcc/arm-none-eabi/7.3.1/../../../../arm-none-eabi/lib/thumb/v7e-m/fpv4-sp/hard/libc_nano.a(lib_a-puts.o)
                0x0000000008002d00                _puts_r
 .text.puts     0x0000000008002db8       0x10 /home/wumingju/Documents/aos/AliOS-Things/build/compiler/gcc-arm-none-eabi/Linux64/bin/../lib/gcc/arm-none-eabi/7.3.1/../../../../arm-none-eabi/lib/thumb/v7e-m/fpv4-sp/hard/libc_nano.a(lib_a-puts.o)
                0x0000000008002db8                puts
 .text._sbrk_r  0x0000000008002dc8       0x20 /home/wumingju/Documents/aos/AliOS-Things/build/compiler/gcc-arm-none-eabi/Linux64/bin/../lib/gcc/arm-none-eabi/7.3.1/../../../../arm-none-eabi/lib/thumb/v7e-m/fpv4-sp/hard/libc_nano.a(lib_a-sbrkr.o)
                0x0000000008002dc8                _sbrk_r
 .text.snprintf
                0x0000000008002de8       0x68 /home/wumingju/Documents/aos/AliOS-Things/build/compiler/gcc-arm-none-eabi/Linux64/bin/../lib/gcc/arm-none-eabi/7.3.1/../../../../arm-none-eabi/lib/thumb/v7e-m/fpv4-sp/hard/libc_nano.a(lib_a-snprintf.o)
                0x0000000008002de8                snprintf
                0x0000000008002de8                sniprintf
 .text.sscanf   0x0000000008002e50       0x54 /home/wumingju/Documents/aos/AliOS-Things/build/compiler/gcc-arm-none-eabi/Linux64/bin/../lib/gcc/arm-none-eabi/7.3.1/../../../../arm-none-eabi/lib/thumb/v7e-m/fpv4-sp/hard/libc_nano.a(lib_a-sscanf.o)
                0x0000000008002e50                sscanf
                0x0000000008002e50                siscanf
 .text.__sread  0x0000000008002ea4       0x22 /home/wumingju/Documents/aos/AliOS-Things/build/compiler/gcc-arm-none-eabi/Linux64/bin/../lib/gcc/arm-none-eabi/7.3.1/../../../../arm-none-eabi/lib/thumb/v7e-m/fpv4-sp/hard/libc_nano.a(lib_a-stdio.o)
                0x0000000008002ea4                __sread
 .text.__seofread
                0x0000000008002ec6        0x4 /home/wumingju/Documents/aos/AliOS-Things/build/compiler/gcc-arm-none-eabi/Linux64/bin/../lib/gcc/arm-none-eabi/7.3.1/../../../../arm-none-eabi/lib/thumb/v7e-m/fpv4-sp/hard/libc_nano.a(lib_a-stdio.o)
                0x0000000008002ec6                __seofread
 .text.__swrite
                0x0000000008002eca       0x38 /home/wumingju/Documents/aos/AliOS-Things/build/compiler/gcc-arm-none-eabi/Linux64/bin/../lib/gcc/arm-none-eabi/7.3.1/../../../../arm-none-eabi/lib/thumb/v7e-m/fpv4-sp/hard/libc_nano.a(lib_a-stdio.o)
                0x0000000008002eca                __swrite
 .text.__sseek  0x0000000008002f02       0x24 /home/wumingju/Documents/aos/AliOS-Things/build/compiler/gcc-arm-none-eabi/Linux64/bin/../lib/gcc/arm-none-eabi/7.3.1/../../../../arm-none-eabi/lib/thumb/v7e-m/fpv4-sp/hard/libc_nano.a(lib_a-stdio.o)
                0x0000000008002f02                __sseek
 .text.__sclose
                0x0000000008002f26        0x8 /home/wumingju/Documents/aos/AliOS-Things/build/compiler/gcc-arm-none-eabi/Linux64/bin/../lib/gcc/arm-none-eabi/7.3.1/../../../../arm-none-eabi/lib/thumb/v7e-m/fpv4-sp/hard/libc_nano.a(lib_a-stdio.o)
                0x0000000008002f26                __sclose
 .text.strcasecmp
                0x0000000008002f2e       0x3c /home/wumingju/Documents/aos/AliOS-Things/build/compiler/gcc-arm-none-eabi/Linux64/bin/../lib/gcc/arm-none-eabi/7.3.1/../../../../arm-none-eabi/lib/thumb/v7e-m/fpv4-sp/hard/libc_nano.a(lib_a-strcasecmp.o)
                0x0000000008002f2e                strcasecmp
 .text.strchr   0x0000000008002f6a       0x1a /home/wumingju/Documents/aos/AliOS-Things/build/compiler/gcc-arm-none-eabi/Linux64/bin/../lib/gcc/arm-none-eabi/7.3.1/../../../../arm-none-eabi/lib/thumb/v7e-m/fpv4-sp/hard/libc_nano.a(lib_a-strchr.o)
                0x0000000008002f6a                strchr
 .text.strncmp  0x0000000008002f84       0x24 /home/wumingju/Documents/aos/AliOS-Things/build/compiler/gcc-arm-none-eabi/Linux64/bin/../lib/gcc/arm-none-eabi/7.3.1/../../../../arm-none-eabi/lib/thumb/v7e-m/fpv4-sp/hard/libc_nano.a(lib_a-strncmp.o)
                0x0000000008002f84                strncmp
 .text.vprintf  0x0000000008002fa8       0x2c /home/wumingju/Documents/aos/AliOS-Things/build/compiler/gcc-arm-none-eabi/Linux64/bin/../lib/gcc/arm-none-eabi/7.3.1/../../../../arm-none-eabi/lib/thumb/v7e-m/fpv4-sp/hard/libc_nano.a(lib_a-vprintf.o)
                0x0000000008002fa8                vprintf
                0x0000000008002fa8                viprintf
 .text._vsnprintf_r
                0x0000000008002fd4       0x58 /home/wumingju/Documents/aos/AliOS-Things/build/compiler/gcc-arm-none-eabi/Linux64/bin/../lib/gcc/arm-none-eabi/7.3.1/../../../../arm-none-eabi/lib/thumb/v7e-m/fpv4-sp/hard/libc_nano.a(lib_a-vsnprintf.o)
                0x0000000008002fd4                _vsnprintf_r
                0x0000000008002fd4                _vsniprintf_r
 .text.vsnprintf
                0x000000000800302c       0x1c /home/wumingju/Documents/aos/AliOS-Things/build/compiler/gcc-arm-none-eabi/Linux64/bin/../lib/gcc/arm-none-eabi/7.3.1/../../../../arm-none-eabi/lib/thumb/v7e-m/fpv4-sp/hard/libc_nano.a(lib_a-vsnprintf.o)
                0x000000000800302c                vsnprintf
                0x000000000800302c                vsniprintf
 .text._vsprintf_r
                0x0000000008003048       0x2c /home/wumingju/Documents/aos/AliOS-Things/build/compiler/gcc-arm-none-eabi/Linux64/bin/../lib/gcc/arm-none-eabi/7.3.1/../../../../arm-none-eabi/lib/thumb/v7e-m/fpv4-sp/hard/libc_nano.a(lib_a-vsprintf.o)
                0x0000000008003048                _vsiprintf_r
                0x0000000008003048                _vsprintf_r
 .text.vsprintf
                0x0000000008003074       0x14 /home/wumingju/Documents/aos/AliOS-Things/build/compiler/gcc-arm-none-eabi/Linux64/bin/../lib/gcc/arm-none-eabi/7.3.1/../../../../arm-none-eabi/lib/thumb/v7e-m/fpv4-sp/hard/libc_nano.a(lib_a-vsprintf.o)
                0x0000000008003074                vsprintf
                0x0000000008003074                vsiprintf
 .text._vsscanf_r
                0x0000000008003088       0x48 /home/wumingju/Documents/aos/AliOS-Things/build/compiler/gcc-arm-none-eabi/Linux64/bin/../lib/gcc/arm-none-eabi/7.3.1/../../../../arm-none-eabi/lib/thumb/v7e-m/fpv4-sp/hard/libc_nano.a(lib_a-vsscanf.o)
                0x0000000008003088                _vsiscanf_r
                0x0000000008003088                _vsscanf_r
 .text.vsscanf  0x00000000080030d0       0x14 /home/wumingju/Documents/aos/AliOS-Things/build/compiler/gcc-arm-none-eabi/Linux64/bin/../lib/gcc/arm-none-eabi/7.3.1/../../../../arm-none-eabi/lib/thumb/v7e-m/fpv4-sp/hard/libc_nano.a(lib_a-vsscanf.o)
                0x00000000080030d0                vsscanf
                0x00000000080030d0                vsiscanf
 .text.__swbuf_r
                0x00000000080030e4       0xa4 /home/wumingju/Documents/aos/AliOS-Things/build/compiler/gcc-arm-none-eabi/Linux64/bin/../lib/gcc/arm-none-eabi/7.3.1/../../../../arm-none-eabi/lib/thumb/v7e-m/fpv4-sp/hard/libc_nano.a(lib_a-wbuf.o)
                0x00000000080030e4                __swbuf_r
 .text.__ascii_wctomb
                0x0000000008003188       0x1a /home/wumingju/Documents/aos/AliOS-Things/build/compiler/gcc-arm-none-eabi/Linux64/bin/../lib/gcc/arm-none-eabi/7.3.1/../../../../arm-none-eabi/lib/thumb/v7e-m/fpv4-sp/hard/libc_nano.a(lib_a-wctomb_r.o)
                0x0000000008003188                __ascii_wctomb
 *fill*         0x00000000080031a2        0x2 
 .text._write_r
                0x00000000080031a4       0x24 /home/wumingju/Documents/aos/AliOS-Things/build/compiler/gcc-arm-none-eabi/Linux64/bin/../lib/gcc/arm-none-eabi/7.3.1/../../../../arm-none-eabi/lib/thumb/v7e-m/fpv4-sp/hard/libc_nano.a(lib_a-writer.o)
                0x00000000080031a4                _write_r
 .text.__swsetup_r
                0x00000000080031c8       0xdc /home/wumingju/Documents/aos/AliOS-Things/build/compiler/gcc-arm-none-eabi/Linux64/bin/../lib/gcc/arm-none-eabi/7.3.1/../../../../arm-none-eabi/lib/thumb/v7e-m/fpv4-sp/hard/libc_nano.a(lib_a-wsetup.o)
                0x00000000080031c8                __swsetup_r
 .text._close_r
                0x00000000080032a4       0x20 /home/wumingju/Documents/aos/AliOS-Things/build/compiler/gcc-arm-none-eabi/Linux64/bin/../lib/gcc/arm-none-eabi/7.3.1/../../../../arm-none-eabi/lib/thumb/v7e-m/fpv4-sp/hard/libc_nano.a(lib_a-closer.o)
                0x00000000080032a4                _close_r
 .text.__sflush_r
                0x00000000080032c4      0x10c /home/wumingju/Documents/aos/AliOS-Things/build/compiler/gcc-arm-none-eabi/Linux64/bin/../lib/gcc/arm-none-eabi/7.3.1/../../../../arm-none-eabi/lib/thumb/v7e-m/fpv4-sp/hard/libc_nano.a(lib_a-fflush.o)
                0x00000000080032c4                __sflush_r
 .text._fflush_r
                0x00000000080033d0       0x54 /home/wumingju/Documents/aos/AliOS-Things/build/compiler/gcc-arm-none-eabi/Linux64/bin/../lib/gcc/arm-none-eabi/7.3.1/../../../../arm-none-eabi/lib/thumb/v7e-m/fpv4-sp/hard/libc_nano.a(lib_a-fflush.o)
                0x00000000080033d0                _fflush_r
 .text.std      0x0000000008003424       0x48 /home/wumingju/Documents/aos/AliOS-Things/build/compiler/gcc-arm-none-eabi/Linux64/bin/../lib/gcc/arm-none-eabi/7.3.1/../../../../arm-none-eabi/lib/thumb/v7e-m/fpv4-sp/hard/libc_nano.a(lib_a-findfp.o)
 .text._cleanup_r
                0x000000000800346c        0xc /home/wumingju/Documents/aos/AliOS-Things/build/compiler/gcc-arm-none-eabi/Linux64/bin/../lib/gcc/arm-none-eabi/7.3.1/../../../../arm-none-eabi/lib/thumb/v7e-m/fpv4-sp/hard/libc_nano.a(lib_a-findfp.o)
                0x000000000800346c                _cleanup_r
 .text.__sfmoreglue
                0x0000000008003478       0x2c /home/wumingju/Documents/aos/AliOS-Things/build/compiler/gcc-arm-none-eabi/Linux64/bin/../lib/gcc/arm-none-eabi/7.3.1/../../../../arm-none-eabi/lib/thumb/v7e-m/fpv4-sp/hard/libc_nano.a(lib_a-findfp.o)
                0x0000000008003478                __sfmoreglue
 .text.__sinit  0x00000000080034a4       0x60 /home/wumingju/Documents/aos/AliOS-Things/build/compiler/gcc-arm-none-eabi/Linux64/bin/../lib/gcc/arm-none-eabi/7.3.1/../../../../arm-none-eabi/lib/thumb/v7e-m/fpv4-sp/hard/libc_nano.a(lib_a-findfp.o)
                0x00000000080034a4                __sinit
 .text.__sfp    0x0000000008003504       0x78 /home/wumingju/Documents/aos/AliOS-Things/build/compiler/gcc-arm-none-eabi/Linux64/bin/../lib/gcc/arm-none-eabi/7.3.1/../../../../arm-none-eabi/lib/thumb/v7e-m/fpv4-sp/hard/libc_nano.a(lib_a-findfp.o)
                0x0000000008003504                __sfp
 .text._fwalk_reent
                0x000000000800357c       0x3c /home/wumingju/Documents/aos/AliOS-Things/build/compiler/gcc-arm-none-eabi/Linux64/bin/../lib/gcc/arm-none-eabi/7.3.1/../../../../arm-none-eabi/lib/thumb/v7e-m/fpv4-sp/hard/libc_nano.a(lib_a-fwalk.o)
                0x000000000800357c                _fwalk_reent
 .text._lseek_r
                0x00000000080035b8       0x24 /home/wumingju/Documents/aos/AliOS-Things/build/compiler/gcc-arm-none-eabi/Linux64/bin/../lib/gcc/arm-none-eabi/7.3.1/../../../../arm-none-eabi/lib/thumb/v7e-m/fpv4-sp/hard/libc_nano.a(lib_a-lseekr.o)
                0x00000000080035b8                _lseek_r
 .text.__swhatbuf_r
                0x00000000080035dc       0x48 /home/wumingju/Documents/aos/AliOS-Things/build/compiler/gcc-arm-none-eabi/Linux64/bin/../lib/gcc/arm-none-eabi/7.3.1/../../../../arm-none-eabi/lib/thumb/v7e-m/fpv4-sp/hard/libc_nano.a(lib_a-makebuf.o)
                0x00000000080035dc                __swhatbuf_r
 .text.__smakebuf_r
                0x0000000008003624       0x80 /home/wumingju/Documents/aos/AliOS-Things/build/compiler/gcc-arm-none-eabi/Linux64/bin/../lib/gcc/arm-none-eabi/7.3.1/../../../../arm-none-eabi/lib/thumb/v7e-m/fpv4-sp/hard/libc_nano.a(lib_a-makebuf.o)
                0x0000000008003624                __smakebuf_r
 .text.__malloc_lock
                0x00000000080036a4        0x2 /home/wumingju/Documents/aos/AliOS-Things/build/compiler/gcc-arm-none-eabi/Linux64/bin/../lib/gcc/arm-none-eabi/7.3.1/../../../../arm-none-eabi/lib/thumb/v7e-m/fpv4-sp/hard/libc_nano.a(lib_a-mlock.o)
                0x00000000080036a4                __malloc_lock
 .text.__malloc_unlock
                0x00000000080036a6        0x2 /home/wumingju/Documents/aos/AliOS-Things/build/compiler/gcc-arm-none-eabi/Linux64/bin/../lib/gcc/arm-none-eabi/7.3.1/../../../../arm-none-eabi/lib/thumb/v7e-m/fpv4-sp/hard/libc_nano.a(lib_a-mlock.o)
                0x00000000080036a6                __malloc_unlock
 .text.__ssputs_r
                0x00000000080036a8       0xb4 /home/wumingju/Documents/aos/AliOS-Things/build/compiler/gcc-arm-none-eabi/Linux64/bin/../lib/gcc/arm-none-eabi/7.3.1/../../../../arm-none-eabi/lib/thumb/v7e-m/fpv4-sp/hard/libc_nano.a(lib_a-nano-svfprintf.o)
                0x00000000080036a8                __ssputs_r
 .text._svfprintf_r
                0x000000000800375c      0x1f0 /home/wumingju/Documents/aos/AliOS-Things/build/compiler/gcc-arm-none-eabi/Linux64/bin/../lib/gcc/arm-none-eabi/7.3.1/../../../../arm-none-eabi/lib/thumb/v7e-m/fpv4-sp/hard/libc_nano.a(lib_a-nano-svfprintf.o)
                0x000000000800375c                _svfprintf_r
                0x000000000800375c                _svfiprintf_r
 .text._sungetc_r
                0x000000000800394c       0x7a /home/wumingju/Documents/aos/AliOS-Things/build/compiler/gcc-arm-none-eabi/Linux64/bin/../lib/gcc/arm-none-eabi/7.3.1/../../../../arm-none-eabi/lib/thumb/v7e-m/fpv4-sp/hard/libc_nano.a(lib_a-nano-svfscanf.o)
                0x000000000800394c                _sungetc_r
 .text.__ssrefill_r
                0x00000000080039c6       0x3a /home/wumingju/Documents/aos/AliOS-Things/build/compiler/gcc-arm-none-eabi/Linux64/bin/../lib/gcc/arm-none-eabi/7.3.1/../../../../arm-none-eabi/lib/thumb/v7e-m/fpv4-sp/hard/libc_nano.a(lib_a-nano-svfscanf.o)
                0x00000000080039c6                __ssrefill_r
 .text.__ssvfscanf_r
                0x0000000008003a00      0x2a0 /home/wumingju/Documents/aos/AliOS-Things/build/compiler/gcc-arm-none-eabi/Linux64/bin/../lib/gcc/arm-none-eabi/7.3.1/../../../../arm-none-eabi/lib/thumb/v7e-m/fpv4-sp/hard/libc_nano.a(lib_a-nano-svfscanf.o)
                0x0000000008003a00                __ssvfscanf_r
                0x0000000008003a00                __ssvfiscanf_r
 .text.__sfputc_r
                0x0000000008003ca0       0x2e /home/wumingju/Documents/aos/AliOS-Things/build/compiler/gcc-arm-none-eabi/Linux64/bin/../lib/gcc/arm-none-eabi/7.3.1/../../../../arm-none-eabi/lib/thumb/v7e-m/fpv4-sp/hard/libc_nano.a(lib_a-nano-vfprintf.o)
 .text.__sfputs_r
                0x0000000008003cce       0x24 /home/wumingju/Documents/aos/AliOS-Things/build/compiler/gcc-arm-none-eabi/Linux64/bin/../lib/gcc/arm-none-eabi/7.3.1/../../../../arm-none-eabi/lib/thumb/v7e-m/fpv4-sp/hard/libc_nano.a(lib_a-nano-vfprintf.o)
                0x0000000008003cce                __sfputs_r
 *fill*         0x0000000008003cf2        0x2 
 .text._vfprintf_r
                0x0000000008003cf4      0x22c /home/wumingju/Documents/aos/AliOS-Things/build/compiler/gcc-arm-none-eabi/Linux64/bin/../lib/gcc/arm-none-eabi/7.3.1/../../../../arm-none-eabi/lib/thumb/v7e-m/fpv4-sp/hard/libc_nano.a(lib_a-nano-vfprintf.o)
                0x0000000008003cf4                _vfiprintf_r
                0x0000000008003cf4                _vfprintf_r
 .text._printf_common
                0x0000000008003f20       0xea /home/wumingju/Documents/aos/AliOS-Things/build/compiler/gcc-arm-none-eabi/Linux64/bin/../lib/gcc/arm-none-eabi/7.3.1/../../../../arm-none-eabi/lib/thumb/v7e-m/fpv4-sp/hard/libc_nano.a(lib_a-nano-vfprintf_i.o)
                0x0000000008003f20                _printf_common
 *fill*         0x000000000800400a        0x2 
 .text._printf_i
                0x000000000800400c      0x224 /home/wumingju/Documents/aos/AliOS-Things/build/compiler/gcc-arm-none-eabi/Linux64/bin/../lib/gcc/arm-none-eabi/7.3.1/../../../../arm-none-eabi/lib/thumb/v7e-m/fpv4-sp/hard/libc_nano.a(lib_a-nano-vfprintf_i.o)
                0x000000000800400c                _printf_i
 .text._scanf_chars
                0x0000000008004230       0xc6 /home/wumingju/Documents/aos/AliOS-Things/build/compiler/gcc-arm-none-eabi/Linux64/bin/../lib/gcc/arm-none-eabi/7.3.1/../../../../arm-none-eabi/lib/thumb/v7e-m/fpv4-sp/hard/libc_nano.a(lib_a-nano-vfscanf_i.o)
                0x0000000008004230                _scanf_chars
 *fill*         0x00000000080042f6        0x2 
 .text._scanf_i
                0x00000000080042f8      0x1e8 /home/wumingju/Documents/aos/AliOS-Things/build/compiler/gcc-arm-none-eabi/Linux64/bin/../lib/gcc/arm-none-eabi/7.3.1/../../../../arm-none-eabi/lib/thumb/v7e-m/fpv4-sp/hard/libc_nano.a(lib_a-nano-vfscanf_i.o)
                0x00000000080042f8                _scanf_i
 .text._read_r  0x00000000080044e0       0x24 /home/wumingju/Documents/aos/AliOS-Things/build/compiler/gcc-arm-none-eabi/Linux64/bin/../lib/gcc/arm-none-eabi/7.3.1/../../../../arm-none-eabi/lib/thumb/v7e-m/fpv4-sp/hard/libc_nano.a(lib_a-readr.o)
                0x00000000080044e0                _read_r
 .text.__sccl   0x0000000008004504       0x64 /home/wumingju/Documents/aos/AliOS-Things/build/compiler/gcc-arm-none-eabi/Linux64/bin/../lib/gcc/arm-none-eabi/7.3.1/../../../../arm-none-eabi/lib/thumb/v7e-m/fpv4-sp/hard/libc_nano.a(lib_a-sccl.o)
                0x0000000008004504                __sccl
 .text._strtol_l.isra.0
                0x0000000008004568       0xf6 /home/wumingju/Documents/aos/AliOS-Things/build/compiler/gcc-arm-none-eabi/Linux64/bin/../lib/gcc/arm-none-eabi/7.3.1/../../../../arm-none-eabi/lib/thumb/v7e-m/fpv4-sp/hard/libc_nano.a(lib_a-strtol.o)
 *fill*         0x000000000800465e        0x2 
 .text._strtol_r
                0x0000000008004660       0x24 /home/wumingju/Documents/aos/AliOS-Things/build/compiler/gcc-arm-none-eabi/Linux64/bin/../lib/gcc/arm-none-eabi/7.3.1/../../../../arm-none-eabi/lib/thumb/v7e-m/fpv4-sp/hard/libc_nano.a(lib_a-strtol.o)
                0x0000000008004660                _strtol_r
 .text._strtoul_l.isra.0
                0x0000000008004684       0xf4 /home/wumingju/Documents/aos/AliOS-Things/build/compiler/gcc-arm-none-eabi/Linux64/bin/../lib/gcc/arm-none-eabi/7.3.1/../../../../arm-none-eabi/lib/thumb/v7e-m/fpv4-sp/hard/libc_nano.a(lib_a-strtoul.o)
 .text._strtoul_r
                0x0000000008004778       0x24 /home/wumingju/Documents/aos/AliOS-Things/build/compiler/gcc-arm-none-eabi/Linux64/bin/../lib/gcc/arm-none-eabi/7.3.1/../../../../arm-none-eabi/lib/thumb/v7e-m/fpv4-sp/hard/libc_nano.a(lib_a-strtoul.o)
                0x0000000008004778                _strtoul_r
 .text.__submore
                0x000000000800479c       0x74 /home/wumingju/Documents/aos/AliOS-Things/build/compiler/gcc-arm-none-eabi/Linux64/bin/../lib/gcc/arm-none-eabi/7.3.1/../../../../arm-none-eabi/lib/thumb/v7e-m/fpv4-sp/hard/libc_nano.a(lib_a-ungetc.o)
                0x000000000800479c                __submore
 .text._fstat_r
                0x0000000008004810       0x24 /home/wumingju/Documents/aos/AliOS-Things/build/compiler/gcc-arm-none-eabi/Linux64/bin/../lib/gcc/arm-none-eabi/7.3.1/../../../../arm-none-eabi/lib/thumb/v7e-m/fpv4-sp/hard/libc_nano.a(lib_a-fstatr.o)
                0x0000000008004810                _fstat_r
 .text._isatty_r
                0x0000000008004834       0x20 /home/wumingju/Documents/aos/AliOS-Things/build/compiler/gcc-arm-none-eabi/Linux64/bin/../lib/gcc/arm-none-eabi/7.3.1/../../../../arm-none-eabi/lib/thumb/v7e-m/fpv4-sp/hard/libc_nano.a(lib_a-isattyr.o)
                0x0000000008004834                _isatty_r
 .text._realloc_r
                0x0000000008004854       0x4c /home/wumingju/Documents/aos/AliOS-Things/build/compiler/gcc-arm-none-eabi/Linux64/bin/../lib/gcc/arm-none-eabi/7.3.1/../../../../arm-none-eabi/lib/thumb/v7e-m/fpv4-sp/hard/libc_nano.a(lib_a-nano-reallocr.o)
                0x0000000008004854                _realloc_r
 .text._malloc_usable_size_r
                0x00000000080048a0       0x10 /home/wumingju/Documents/aos/AliOS-Things/build/compiler/gcc-arm-none-eabi/Linux64/bin/../lib/gcc/arm-none-eabi/7.3.1/../../../../arm-none-eabi/lib/thumb/v7e-m/fpv4-sp/hard/libc_nano.a(lib_a-nano-msizer.o)
                0x00000000080048a0                _malloc_usable_size_r
 .text._close   0x00000000080048b0       0x10 /home/wumingju/Documents/aos/AliOS-Things/build/compiler/gcc-arm-none-eabi/Linux64/bin/../lib/gcc/arm-none-eabi/7.3.1/../../../../arm-none-eabi/lib/thumb/v7e-m/fpv4-sp/hard/libnosys.a(close.o)
                0x00000000080048b0                _close
 .text._fstat   0x00000000080048c0       0x10 /home/wumingju/Documents/aos/AliOS-Things/build/compiler/gcc-arm-none-eabi/Linux64/bin/../lib/gcc/arm-none-eabi/7.3.1/../../../../arm-none-eabi/lib/thumb/v7e-m/fpv4-sp/hard/libnosys.a(fstat.o)
                0x00000000080048c0                _fstat
 .text._isatty  0x00000000080048d0       0x10 /home/wumingju/Documents/aos/AliOS-Things/build/compiler/gcc-arm-none-eabi/Linux64/bin/../lib/gcc/arm-none-eabi/7.3.1/../../../../arm-none-eabi/lib/thumb/v7e-m/fpv4-sp/hard/libnosys.a(isatty.o)
                0x00000000080048d0                _isatty
 .text._lseek   0x00000000080048e0       0x10 /home/wumingju/Documents/aos/AliOS-Things/build/compiler/gcc-arm-none-eabi/Linux64/bin/../lib/gcc/arm-none-eabi/7.3.1/../../../../arm-none-eabi/lib/thumb/v7e-m/fpv4-sp/hard/libnosys.a(lseek.o)
                0x00000000080048e0                _lseek
 .text._sbrk    0x00000000080048f0       0x1c /home/wumingju/Documents/aos/AliOS-Things/build/compiler/gcc-arm-none-eabi/Linux64/bin/../lib/gcc/arm-none-eabi/7.3.1/../../../../arm-none-eabi/lib/thumb/v7e-m/fpv4-sp/hard/libnosys.a(sbrk.o)
                0x00000000080048f0                _sbrk
 *(.glue_7)
 .glue_7        0x000000000800490c        0x0 linker stubs
 *(.glue_7t)
 .glue_7t       0x000000000800490c        0x0 linker stubs
 *(.eh_frame)
 .eh_frame      0x000000000800490c        0x0 /home/wumingju/Documents/aos/AliOS-Things/build/compiler/gcc-arm-none-eabi/Linux64/bin/../lib/gcc/arm-none-eabi/7.3.1/thumb/v7e-m/fpv4-sp/hard/crtbegin.o
 *(.init)
 .init          0x000000000800490c        0x4 /home/wumingju/Documents/aos/AliOS-Things/build/compiler/gcc-arm-none-eabi/Linux64/bin/../lib/gcc/arm-none-eabi/7.3.1/thumb/v7e-m/fpv4-sp/hard/crti.o
                0x000000000800490c                _init
 .init          0x0000000008004910        0x8 /home/wumingju/Documents/aos/AliOS-Things/build/compiler/gcc-arm-none-eabi/Linux64/bin/../lib/gcc/arm-none-eabi/7.3.1/thumb/v7e-m/fpv4-sp/hard/crtn.o
 *(.fini)
 .fini          0x0000000008004918        0x4 /home/wumingju/Documents/aos/AliOS-Things/build/compiler/gcc-arm-none-eabi/Linux64/bin/../lib/gcc/arm-none-eabi/7.3.1/thumb/v7e-m/fpv4-sp/hard/crti.o
                0x0000000008004918                _fini
 .fini          0x000000000800491c        0x8 /home/wumingju/Documents/aos/AliOS-Things/build/compiler/gcc-arm-none-eabi/Linux64/bin/../lib/gcc/arm-none-eabi/7.3.1/thumb/v7e-m/fpv4-sp/hard/crtn.o
                0x0000000008004924                . = ALIGN (0x4)
                0x0000000008004924                _etext = .

.vfp11_veneer   0x0000000008004924        0x0
 .vfp11_veneer  0x0000000008004924        0x0 linker stubs

.v4_bx          0x0000000008004924        0x0
 .v4_bx         0x0000000008004924        0x0 linker stubs

.iplt           0x0000000008004924        0x0
 .iplt          0x0000000008004924        0x0 /home/wumingju/Documents/aos/AliOS-Things/build/compiler/gcc-arm-none-eabi/Linux64/bin/../lib/gcc/arm-none-eabi/7.3.1/thumb/v7e-m/fpv4-sp/hard/crtbegin.o

.rodata         0x0000000008004924      0x6cc
                0x0000000008004924                . = ALIGN (0x4)
 *(.rodata)
 .rodata        0x0000000008004924        0x2 GCC/build/emh_arg.o
 *fill*         0x0000000008004926        0x2 
 .rodata        0x0000000008004928        0xc /home/wumingju/Documents/aos/AliOS-Things/build/compiler/gcc-arm-none-eabi/Linux64/bin/../lib/gcc/arm-none-eabi/7.3.1/../../../../arm-none-eabi/lib/thumb/v7e-m/fpv4-sp/hard/libc_nano.a(lib_a-nano-vfscanf_i.o)
 *(.rodata*)
 .rodata.SystemClock_Config.str1.4
                0x0000000008004934       0x1a GCC/build/main.o
 *fill*         0x000000000800494e        0x2 
 .rodata.AHBPrescTable
                0x0000000008004950       0x10 GCC/build/system_stm32f4xx.o
                0x0000000008004950                AHBPrescTable
 .rodata.APBPrescTable
                0x0000000008004960        0x8 GCC/build/system_stm32f4xx.o
                0x0000000008004960                APBPrescTable
 .rodata.__PRETTY_FUNCTION__.9116
                0x0000000008004968       0x13 GCC/build/mx_serial.o
 *fill*         0x000000000800497b        0x1 
 .rodata.mx_hal_serial_init.str1.4
                0x000000000800497c       0x4b GCC/build/mx_serial.o
                                         0x4d (size before relaxing)
 *fill*         0x00000000080049c7        0x1 
 .rodata.__PRETTY_FUNCTION__.9117
                0x00000000080049c8       0x12 GCC/build/mx_stdio.o
 *fill*         0x00000000080049da        0x2 
 .rodata.mx_hal_stdio_init.str1.4
                0x00000000080049dc       0x2a GCC/build/mx_stdio.o
                                         0x4d (size before relaxing)
 *fill*         0x0000000008004a06        0x2 
 .rodata.mx_hal_uart_init.str1.4
                0x0000000008004a08       0x29 GCC/build/mx_uart.o
 *fill*         0x0000000008004a31        0x3 
 .rodata.built_ins
                0x0000000008004a34       0x18 GCC/build/mx_cli.o
 .rodata.cli_init.str1.4
                0x0000000008004a4c        0x9 GCC/build/mx_cli.o
 *fill*         0x0000000008004a55        0x3 
 .rodata.cli_loop.str1.4
                0x0000000008004a58       0x17 GCC/build/mx_cli.o
 *fill*         0x0000000008004a6f        0x1 
 .rodata.echo_cmd_handler.str1.4
                0x0000000008004a70       0x67 GCC/build/mx_cli.o
 *fill*         0x0000000008004ad7        0x1 
 .rodata.get_input.str1.4
                0x0000000008004ad8       0x26 GCC/build/mx_cli.o
 *fill*         0x0000000008004afe        0x2 
 .rodata.help_command.str1.4
                0x0000000008004b00       0x4e GCC/build/mx_cli.o
                                         0x52 (size before relaxing)
 *fill*         0x0000000008004b4e        0x2 
 .rodata.print_bad_command.str1.4
                0x0000000008004b50       0x26 GCC/build/mx_cli.o
 *fill*         0x0000000008004b76        0x2 
 .rodata.str1.4
                0x0000000008004b78        0xd GCC/build/mx_cli.o
 *fill*         0x0000000008004b85        0x3 
 .rodata.tab_complete.str1.4
                0x0000000008004b88       0x1d GCC/build/mx_cli.o
                                         0x29 (size before relaxing)
 *fill*         0x0000000008004ba5        0x3 
 .rodata.ATCmdParser_process_oob.str1.4
                0x0000000008004ba8       0x19 GCC/build/ATCmdParser.o
 *fill*         0x0000000008004bc1        0x3 
 .rodata.ATCmdParser_vrecv.str1.4
                0x0000000008004bc4       0x43 GCC/build/ATCmdParser.o
 *fill*         0x0000000008004c07        0x1 
 .rodata.ATCmdParser_vsend.str1.4
                0x0000000008004c08        0x8 GCC/build/ATCmdParser.o
 .rodata.str1.4
                0x0000000008004c10       0x35 GCC/build/emh_arg.o
 *fill*         0x0000000008004c45        0x3 
 .rodata.emh_init.str1.4
                0x0000000008004c48        0xd GCC/build/emh_module.o
                                         0x11 (size before relaxing)
 *fill*         0x0000000008004c55        0x3 
 .rodata.emh_module_get_fw_version.str1.4
                0x0000000008004c58       0x21 GCC/build/emh_module.o
 *fill*         0x0000000008004c79        0x3 
 .rodata.emh_module_get_tick.str1.4
                0x0000000008004c7c       0x1e GCC/build/emh_module.o
 *fill*         0x0000000008004c9a        0x2 
 .rodata.emh_module_reset.str1.4
                0x0000000008004c9c       0x1d GCC/build/emh_module.o
                                         0x25 (size before relaxing)
 *fill*         0x0000000008004cb9        0x3 
 .rodata.__PRETTY_FUNCTION__.7415
                0x0000000008004cbc       0x17 GCC/build/emh_wlan.o
 *fill*         0x0000000008004cd3        0x1 
 .rodata.emh_wlan_event_handler.str1.4
                0x0000000008004cd4       0x29 GCC/build/emh_wlan.o
                                         0x4d (size before relaxing)
 *fill*         0x0000000008004cfd        0x3 
 .rodata.__PRETTY_FUNCTION__.7179
                0x0000000008004d00       0x10 GCC/build/mx_ringbuffer.o
 .rodata.__PRETTY_FUNCTION__.7186
                0x0000000008004d10        0xf GCC/build/mx_ringbuffer.o
 *fill*         0x0000000008004d1f        0x1 
 .rodata.__PRETTY_FUNCTION__.7193
                0x0000000008004d20        0xf GCC/build/mx_ringbuffer.o
 *fill*         0x0000000008004d2f        0x1 
 .rodata.ringbuffer_init.str1.4
                0x0000000008004d30       0x24 GCC/build/mx_ringbuffer.o
                                         0x45 (size before relaxing)
 .rodata.application_start.str1.4
                0x0000000008004d54       0xdc GCC/build/at_test.o
                                         0xdb (size before relaxing)
 .rodata._global_impure_ptr
                0x0000000008004e30        0x4 /home/wumingju/Documents/aos/AliOS-Things/build/compiler/gcc-arm-none-eabi/Linux64/bin/../lib/gcc/arm-none-eabi/7.3.1/../../../../arm-none-eabi/lib/thumb/v7e-m/fpv4-sp/hard/libc_nano.a(lib_a-impure.o)
                0x0000000008004e30                _global_impure_ptr
 .rodata._setlocale_r.str1.1
                0x0000000008004e34        0x8 /home/wumingju/Documents/aos/AliOS-Things/build/compiler/gcc-arm-none-eabi/Linux64/bin/../lib/gcc/arm-none-eabi/7.3.1/../../../../arm-none-eabi/lib/thumb/v7e-m/fpv4-sp/hard/libc_nano.a(lib_a-locale.o)
                                          0x9 (size before relaxing)
 .rodata.str1.1
                0x0000000008004e3c        0x2 /home/wumingju/Documents/aos/AliOS-Things/build/compiler/gcc-arm-none-eabi/Linux64/bin/../lib/gcc/arm-none-eabi/7.3.1/../../../../arm-none-eabi/lib/thumb/v7e-m/fpv4-sp/hard/libc_nano.a(lib_a-locale.o)
 .rodata._ctype_
                0x0000000008004e3e      0x101 /home/wumingju/Documents/aos/AliOS-Things/build/compiler/gcc-arm-none-eabi/Linux64/bin/../lib/gcc/arm-none-eabi/7.3.1/../../../../arm-none-eabi/lib/thumb/v7e-m/fpv4-sp/hard/libc_nano.a(lib_a-ctype_.o)
                0x0000000008004e3e                _ctype_
 *fill*         0x0000000008004f3f        0x1 
 .rodata.__sf_fake_stderr
                0x0000000008004f40       0x20 /home/wumingju/Documents/aos/AliOS-Things/build/compiler/gcc-arm-none-eabi/Linux64/bin/../lib/gcc/arm-none-eabi/7.3.1/../../../../arm-none-eabi/lib/thumb/v7e-m/fpv4-sp/hard/libc_nano.a(lib_a-findfp.o)
                0x0000000008004f40                __sf_fake_stderr
 .rodata.__sf_fake_stdin
                0x0000000008004f60       0x20 /home/wumingju/Documents/aos/AliOS-Things/build/compiler/gcc-arm-none-eabi/Linux64/bin/../lib/gcc/arm-none-eabi/7.3.1/../../../../arm-none-eabi/lib/thumb/v7e-m/fpv4-sp/hard/libc_nano.a(lib_a-findfp.o)
                0x0000000008004f60                __sf_fake_stdin
 .rodata.__sf_fake_stdout
                0x0000000008004f80       0x20 /home/wumingju/Documents/aos/AliOS-Things/build/compiler/gcc-arm-none-eabi/Linux64/bin/../lib/gcc/arm-none-eabi/7.3.1/../../../../arm-none-eabi/lib/thumb/v7e-m/fpv4-sp/hard/libc_nano.a(lib_a-findfp.o)
                0x0000000008004f80                __sf_fake_stdout
 .rodata._svfprintf_r.str1.1
                0x0000000008004fa0       0x11 /home/wumingju/Documents/aos/AliOS-Things/build/compiler/gcc-arm-none-eabi/Linux64/bin/../lib/gcc/arm-none-eabi/7.3.1/../../../../arm-none-eabi/lib/thumb/v7e-m/fpv4-sp/hard/libc_nano.a(lib_a-nano-svfprintf.o)
 .rodata.__ssvfscanf_r.str1.1
                0x0000000008004fb1        0x4 /home/wumingju/Documents/aos/AliOS-Things/build/compiler/gcc-arm-none-eabi/Linux64/bin/../lib/gcc/arm-none-eabi/7.3.1/../../../../arm-none-eabi/lib/thumb/v7e-m/fpv4-sp/hard/libc_nano.a(lib_a-nano-svfscanf.o)
 .rodata._vfprintf_r.str1.1
                0x0000000008004fb1       0x11 /home/wumingju/Documents/aos/AliOS-Things/build/compiler/gcc-arm-none-eabi/Linux64/bin/../lib/gcc/arm-none-eabi/7.3.1/../../../../arm-none-eabi/lib/thumb/v7e-m/fpv4-sp/hard/libc_nano.a(lib_a-nano-vfprintf.o)
 .rodata._printf_i.str1.1
                0x0000000008004fb1       0x22 /home/wumingju/Documents/aos/AliOS-Things/build/compiler/gcc-arm-none-eabi/Linux64/bin/../lib/gcc/arm-none-eabi/7.3.1/../../../../arm-none-eabi/lib/thumb/v7e-m/fpv4-sp/hard/libc_nano.a(lib_a-nano-vfprintf_i.o)
 .rodata._scanf_i.str1.1
                0x0000000008004fd3       0x12 /home/wumingju/Documents/aos/AliOS-Things/build/compiler/gcc-arm-none-eabi/Linux64/bin/../lib/gcc/arm-none-eabi/7.3.1/../../../../arm-none-eabi/lib/thumb/v7e-m/fpv4-sp/hard/libc_nano.a(lib_a-nano-vfscanf_i.o)
 .rodata.str1.1
                0x0000000008004fe5        0x9 /home/wumingju/Documents/aos/AliOS-Things/build/compiler/gcc-arm-none-eabi/Linux64/bin/../lib/gcc/arm-none-eabi/7.3.1/../../../../arm-none-eabi/lib/thumb/v7e-m/fpv4-sp/hard/libc_nano.a(lib_a-nano-vfscanf_i.o)
                0x0000000008004ff0                . = ALIGN (0x4)
 *fill*         0x0000000008004fee        0x2 

.ARM.extab
 *(.ARM.extab* .gnu.linkonce.armextab.*)

.ARM            0x0000000008004ff0        0x8
                0x0000000008004ff0                __exidx_start = .
 *(.ARM.exidx*)
 .ARM.exidx     0x0000000008004ff0        0x8 /home/wumingju/Documents/aos/AliOS-Things/build/compiler/gcc-arm-none-eabi/Linux64/bin/../lib/gcc/arm-none-eabi/7.3.1/thumb/v7e-m/fpv4-sp/hard/libgcc.a(_udivmoddi4.o)
                0x0000000008004ff8                __exidx_end = .

.rel.dyn        0x0000000008004ff8        0x0
 .rel.iplt      0x0000000008004ff8        0x0 /home/wumingju/Documents/aos/AliOS-Things/build/compiler/gcc-arm-none-eabi/Linux64/bin/../lib/gcc/arm-none-eabi/7.3.1/thumb/v7e-m/fpv4-sp/hard/crtbegin.o

.preinit_array  0x0000000008004ff8        0x0
                0x0000000008004ff8                PROVIDE (__preinit_array_start = .)
 *(.preinit_array*)
                0x0000000008004ff8                PROVIDE (__preinit_array_end = .)

.init_array     0x0000000008004ff8        0x4
                0x0000000008004ff8                PROVIDE (__init_array_start = .)
 *(SORT_BY_NAME(.init_array.*))
 *(.init_array*)
 .init_array    0x0000000008004ff8        0x4 /home/wumingju/Documents/aos/AliOS-Things/build/compiler/gcc-arm-none-eabi/Linux64/bin/../lib/gcc/arm-none-eabi/7.3.1/thumb/v7e-m/fpv4-sp/hard/crtbegin.o
                0x0000000008004ffc                PROVIDE (__init_array_end = .)

.fini_array     0x0000000008004ffc        0x4
                [!provide]                        PROVIDE (__fini_array_start = .)
 *(SORT_BY_NAME(.fini_array.*))
 *(.fini_array*)
 .fini_array    0x0000000008004ffc        0x4 /home/wumingju/Documents/aos/AliOS-Things/build/compiler/gcc-arm-none-eabi/Linux64/bin/../lib/gcc/arm-none-eabi/7.3.1/thumb/v7e-m/fpv4-sp/hard/crtbegin.o
                [!provide]                        PROVIDE (__fini_array_end = .)
                0x0000000008005000                _sidata = LOADADDR (.data)

.data           0x0000000020000000      0x214 load address 0x0000000008005000
                0x0000000020000000                . = ALIGN (0x4)
                0x0000000020000000                _sdata = .
 *(.data)
 *(.data*)
 .data.SystemCoreClock
                0x0000000020000000        0x4 GCC/build/system_stm32f4xx.o
                0x0000000020000000                SystemCoreClock
 .data.uwTickFreq
                0x0000000020000004        0x1 GCC/build/stm32f4xx_hal.o
                0x0000000020000004                uwTickFreq
 *fill*         0x0000000020000005        0x3 
 .data.uwTickPrio
                0x0000000020000008        0x4 GCC/build/stm32f4xx_hal.o
                0x0000000020000008                uwTickPrio
 .data._timeout
                0x000000002000000c        0x4 GCC/build/mx_serial.o
 .data.uart_dev
                0x0000000020000010       0x10 GCC/build/mx_serial.o
 .data.cli_uart_dev
                0x0000000020000020       0x10 GCC/build/mx_stdio.o
 .data.EMH_ARG_WLAN_EV
                0x0000000020000030       0x14 GCC/build/emh_arg.o
                0x0000000020000030                EMH_ARG_WLAN_EV
 .data._impure_ptr
                0x0000000020000044        0x4 /home/wumingju/Documents/aos/AliOS-Things/build/compiler/gcc-arm-none-eabi/Linux64/bin/../lib/gcc/arm-none-eabi/7.3.1/../../../../arm-none-eabi/lib/thumb/v7e-m/fpv4-sp/hard/libc_nano.a(lib_a-impure.o)
                0x0000000020000044                _impure_ptr
 .data.impure_data
                0x0000000020000048       0x60 /home/wumingju/Documents/aos/AliOS-Things/build/compiler/gcc-arm-none-eabi/Linux64/bin/../lib/gcc/arm-none-eabi/7.3.1/../../../../arm-none-eabi/lib/thumb/v7e-m/fpv4-sp/hard/libc_nano.a(lib_a-impure.o)
 .data.__global_locale
                0x00000000200000a8      0x16c /home/wumingju/Documents/aos/AliOS-Things/build/compiler/gcc-arm-none-eabi/Linux64/bin/../lib/gcc/arm-none-eabi/7.3.1/../../../../arm-none-eabi/lib/thumb/v7e-m/fpv4-sp/hard/libc_nano.a(lib_a-locale.o)
                0x00000000200000a8                __global_locale
                0x0000000020000214                . = ALIGN (0x4)
                0x0000000020000214                _edata = .

.igot.plt       0x0000000020000214        0x0 load address 0x0000000008005214
 .igot.plt      0x0000000020000214        0x0 /home/wumingju/Documents/aos/AliOS-Things/build/compiler/gcc-arm-none-eabi/Linux64/bin/../lib/gcc/arm-none-eabi/7.3.1/thumb/v7e-m/fpv4-sp/hard/crtbegin.o
                0x0000000020000214                . = ALIGN (0x4)

.bss            0x0000000020000214      0xcec load address 0x0000000008005214
                0x0000000020000214                _sbss = .
                0x0000000020000214                __bss_start__ = _sbss
 *(.bss)
 .bss           0x0000000020000214       0x1c /home/wumingju/Documents/aos/AliOS-Things/build/compiler/gcc-arm-none-eabi/Linux64/bin/../lib/gcc/arm-none-eabi/7.3.1/thumb/v7e-m/fpv4-sp/hard/crtbegin.o
 *(.bss*)
 .bss.at_buffer
                0x0000000020000230      0x400 GCC/build/mx_serial.o
 .bss.at_rx     0x0000000020000630       0x10 GCC/build/mx_serial.o
 .bss.cli_buffer
                0x0000000020000640       0x80 GCC/build/mx_stdio.o
 .bss.stdio_rx  0x00000000200006c0       0x10 GCC/build/mx_stdio.o
 .bss.argv.9131
                0x00000000200006d0       0x40 GCC/build/mx_cli.o
 .bss.pCli      0x0000000020000710      0x528 GCC/build/mx_cli.o
 .bss._buffer   0x0000000020000c38      0x200 GCC/build/ATCmdParser.o
 .bss._dbg_on   0x0000000020000e38        0x1 GCC/build/ATCmdParser.o
                0x0000000020000e38                _dbg_on
 *fill*         0x0000000020000e39        0x3 
 .bss._input_delim_size
                0x0000000020000e3c        0x4 GCC/build/ATCmdParser.o
 .bss._input_delimiter
                0x0000000020000e40        0x4 GCC/build/ATCmdParser.o
 .bss._oobs     0x0000000020000e44        0x4 GCC/build/ATCmdParser.o
 .bss._output_delimiter
                0x0000000020000e48        0x4 GCC/build/ATCmdParser.o
 .bss._fw_version
                0x0000000020000e4c       0x20 GCC/build/emh_module.o
 .bss.__malloc_free_list
                0x0000000020000e6c        0x4 /home/wumingju/Documents/aos/AliOS-Things/build/compiler/gcc-arm-none-eabi/Linux64/bin/../lib/gcc/arm-none-eabi/7.3.1/../../../../arm-none-eabi/lib/thumb/v7e-m/fpv4-sp/hard/libc_nano.a(lib_a-nano-mallocr.o)
                0x0000000020000e6c                __malloc_free_list
 .bss.__malloc_sbrk_start
                0x0000000020000e70        0x4 /home/wumingju/Documents/aos/AliOS-Things/build/compiler/gcc-arm-none-eabi/Linux64/bin/../lib/gcc/arm-none-eabi/7.3.1/../../../../arm-none-eabi/lib/thumb/v7e-m/fpv4-sp/hard/libc_nano.a(lib_a-nano-mallocr.o)
                0x0000000020000e70                __malloc_sbrk_start
 .bss.heap_end.5377
                0x0000000020000e74        0x4 /home/wumingju/Documents/aos/AliOS-Things/build/compiler/gcc-arm-none-eabi/Linux64/bin/../lib/gcc/arm-none-eabi/7.3.1/../../../../arm-none-eabi/lib/thumb/v7e-m/fpv4-sp/hard/libnosys.a(sbrk.o)
 *(COMMON)
 COMMON         0x0000000020000e78        0x4 GCC/build/stm32f4xx_hal.o
                0x0000000020000e78                uwTick
 COMMON         0x0000000020000e7c       0x80 GCC/build/mx_uart.o
                0x0000000020000e7c                stdio_uart
                0x0000000020000ebc                at_uart
 COMMON         0x0000000020000efc        0x4 /home/wumingju/Documents/aos/AliOS-Things/build/compiler/gcc-arm-none-eabi/Linux64/bin/../lib/gcc/arm-none-eabi/7.3.1/../../../../arm-none-eabi/lib/thumb/v7e-m/fpv4-sp/hard/libc_nano.a(lib_a-reent.o)
                0x0000000020000efc                errno
                0x0000000020000f00                . = ALIGN (0x4)
                0x0000000020000f00                _ebss = .
                0x0000000020000f00                __bss_end__ = _ebss

._user_heap_stack
                0x0000000020000f00      0x600 load address 0x0000000008005214
                0x0000000020000f00                . = ALIGN (0x8)
                0x0000000020000f00                PROVIDE (end = .)
                [!provide]                        PROVIDE (_end = .)
                0x0000000020001100                . = (. + _Min_Heap_Size)
 *fill*         0x0000000020000f00      0x200 
                0x0000000020001500                . = (. + _Min_Stack_Size)
 *fill*         0x0000000020001100      0x400 
                0x0000000020001500                . = ALIGN (0x8)

/DISCARD/
 libc.a(*)
 libm.a(*)
 libgcc.a(*)

.ARM.attributes
                0x0000000000000000       0x30
 *(.ARM.attributes)
 .ARM.attributes
                0x0000000000000000       0x22 /home/wumingju/Documents/aos/AliOS-Things/build/compiler/gcc-arm-none-eabi/Linux64/bin/../lib/gcc/arm-none-eabi/7.3.1/thumb/v7e-m/fpv4-sp/hard/crti.o
 .ARM.attributes
                0x0000000000000022       0x34 /home/wumingju/Documents/aos/AliOS-Things/build/compiler/gcc-arm-none-eabi/Linux64/bin/../lib/gcc/arm-none-eabi/7.3.1/thumb/v7e-m/fpv4-sp/hard/crtbegin.o
 .ARM.attributes
                0x0000000000000056       0x39 GCC/build/main.o
 .ARM.attributes
                0x000000000000008f       0x39 GCC/build/stm32f4xx_hal_msp.o
 .ARM.attributes
                0x00000000000000c8       0x39 GCC/build/stm32f4xx_it.o
 .ARM.attributes
                0x0000000000000101       0x39 GCC/build/system_stm32f4xx.o
 .ARM.attributes
                0x000000000000013a       0x39 GCC/build/stm32f4xx_hal_rcc.o
 .ARM.attributes
                0x0000000000000173       0x39 GCC/build/stm32f4xx_hal_gpio.o
 .ARM.attributes
                0x00000000000001ac       0x39 GCC/build/stm32f4xx_hal_uart.o
 .ARM.attributes
                0x00000000000001e5       0x39 GCC/build/stm32f4xx_hal_cortex.o
 .ARM.attributes
                0x000000000000021e       0x39 GCC/build/stm32f4xx_hal.o
 .ARM.attributes
                0x0000000000000257       0x39 GCC/build/mx_gpio.o
 .ARM.attributes
                0x0000000000000290       0x39 GCC/build/mx_hal_atomic.o
 .ARM.attributes
                0x00000000000002c9       0x39 GCC/build/mx_serial.o
 .ARM.attributes
                0x0000000000000302       0x39 GCC/build/mx_stdio.o
 .ARM.attributes
                0x000000000000033b       0x39 GCC/build/mx_tick.o
 .ARM.attributes
                0x0000000000000374       0x39 GCC/build/mx_uart.o
 .ARM.attributes
                0x00000000000003ad       0x39 GCC/build/Retarget.o
 .ARM.attributes
                0x00000000000003e6       0x39 GCC/build/mx_cli.o
 .ARM.attributes
                0x000000000000041f       0x39 GCC/build/ATCmdParser.o
 .ARM.attributes
                0x0000000000000458       0x39 GCC/build/emh_arg.o
 .ARM.attributes
                0x0000000000000491       0x39 GCC/build/emh_module.o
 .ARM.attributes
                0x00000000000004ca       0x39 GCC/build/emh_wlan.o
 .ARM.attributes
                0x0000000000000503       0x39 GCC/build/mx_ringbuffer.o
 .ARM.attributes
                0x000000000000053c       0x39 GCC/build/at_test.o
 .ARM.attributes
                0x0000000000000575       0x21 GCC/build/startup_stm32f411xe.o
 .ARM.attributes
                0x0000000000000596       0x34 /home/wumingju/Documents/aos/AliOS-Things/build/compiler/gcc-arm-none-eabi/Linux64/bin/../lib/gcc/arm-none-eabi/7.3.1/../../../../arm-none-eabi/lib/thumb/v7e-m/fpv4-sp/hard/libc_nano.a(lib_a-impure.o)
 .ARM.attributes
                0x00000000000005ca       0x34 /home/wumingju/Documents/aos/AliOS-Things/build/compiler/gcc-arm-none-eabi/Linux64/bin/../lib/gcc/arm-none-eabi/7.3.1/../../../../arm-none-eabi/lib/thumb/v7e-m/fpv4-sp/hard/libc_nano.a(lib_a-init.o)
 .ARM.attributes
                0x00000000000005fe       0x34 /home/wumingju/Documents/aos/AliOS-Things/build/compiler/gcc-arm-none-eabi/Linux64/bin/../lib/gcc/arm-none-eabi/7.3.1/../../../../arm-none-eabi/lib/thumb/v7e-m/fpv4-sp/hard/libc_nano.a(lib_a-locale.o)
 .ARM.attributes
                0x0000000000000632       0x34 /home/wumingju/Documents/aos/AliOS-Things/build/compiler/gcc-arm-none-eabi/Linux64/bin/../lib/gcc/arm-none-eabi/7.3.1/../../../../arm-none-eabi/lib/thumb/v7e-m/fpv4-sp/hard/libc_nano.a(lib_a-malloc.o)
 .ARM.attributes
                0x0000000000000666       0x34 /home/wumingju/Documents/aos/AliOS-Things/build/compiler/gcc-arm-none-eabi/Linux64/bin/../lib/gcc/arm-none-eabi/7.3.1/../../../../arm-none-eabi/lib/thumb/v7e-m/fpv4-sp/hard/libc_nano.a(lib_a-mbtowc_r.o)
 .ARM.attributes
                0x000000000000069a       0x34 /home/wumingju/Documents/aos/AliOS-Things/build/compiler/gcc-arm-none-eabi/Linux64/bin/../lib/gcc/arm-none-eabi/7.3.1/../../../../arm-none-eabi/lib/thumb/v7e-m/fpv4-sp/hard/libc_nano.a(lib_a-memcmp.o)
 .ARM.attributes
                0x00000000000006ce       0x34 /home/wumingju/Documents/aos/AliOS-Things/build/compiler/gcc-arm-none-eabi/Linux64/bin/../lib/gcc/arm-none-eabi/7.3.1/../../../../arm-none-eabi/lib/thumb/v7e-m/fpv4-sp/hard/libc_nano.a(lib_a-memcpy-stub.o)
 .ARM.attributes
                0x0000000000000702       0x34 /home/wumingju/Documents/aos/AliOS-Things/build/compiler/gcc-arm-none-eabi/Linux64/bin/../lib/gcc/arm-none-eabi/7.3.1/../../../../arm-none-eabi/lib/thumb/v7e-m/fpv4-sp/hard/libc_nano.a(lib_a-memmove.o)
 .ARM.attributes
                0x0000000000000736       0x34 /home/wumingju/Documents/aos/AliOS-Things/build/compiler/gcc-arm-none-eabi/Linux64/bin/../lib/gcc/arm-none-eabi/7.3.1/../../../../arm-none-eabi/lib/thumb/v7e-m/fpv4-sp/hard/libc_nano.a(lib_a-memset.o)
 .ARM.attributes
                0x000000000000076a       0x34 /home/wumingju/Documents/aos/AliOS-Things/build/compiler/gcc-arm-none-eabi/Linux64/bin/../lib/gcc/arm-none-eabi/7.3.1/../../../../arm-none-eabi/lib/thumb/v7e-m/fpv4-sp/hard/libc_nano.a(lib_a-nano-freer.o)
 .ARM.attributes
                0x000000000000079e       0x34 /home/wumingju/Documents/aos/AliOS-Things/build/compiler/gcc-arm-none-eabi/Linux64/bin/../lib/gcc/arm-none-eabi/7.3.1/../../../../arm-none-eabi/lib/thumb/v7e-m/fpv4-sp/hard/libc_nano.a(lib_a-nano-mallocr.o)
 .ARM.attributes
                0x00000000000007d2       0x34 /home/wumingju/Documents/aos/AliOS-Things/build/compiler/gcc-arm-none-eabi/Linux64/bin/../lib/gcc/arm-none-eabi/7.3.1/../../../../arm-none-eabi/lib/thumb/v7e-m/fpv4-sp/hard/libc_nano.a(lib_a-printf.o)
 .ARM.attributes
                0x0000000000000806       0x34 /home/wumingju/Documents/aos/AliOS-Things/build/compiler/gcc-arm-none-eabi/Linux64/bin/../lib/gcc/arm-none-eabi/7.3.1/../../../../arm-none-eabi/lib/thumb/v7e-m/fpv4-sp/hard/libc_nano.a(lib_a-puts.o)
 .ARM.attributes
                0x000000000000083a       0x34 /home/wumingju/Documents/aos/AliOS-Things/build/compiler/gcc-arm-none-eabi/Linux64/bin/../lib/gcc/arm-none-eabi/7.3.1/../../../../arm-none-eabi/lib/thumb/v7e-m/fpv4-sp/hard/libc_nano.a(lib_a-sbrkr.o)
 .ARM.attributes
                0x000000000000086e       0x34 /home/wumingju/Documents/aos/AliOS-Things/build/compiler/gcc-arm-none-eabi/Linux64/bin/../lib/gcc/arm-none-eabi/7.3.1/../../../../arm-none-eabi/lib/thumb/v7e-m/fpv4-sp/hard/libc_nano.a(lib_a-snprintf.o)
 .ARM.attributes
                0x00000000000008a2       0x34 /home/wumingju/Documents/aos/AliOS-Things/build/compiler/gcc-arm-none-eabi/Linux64/bin/../lib/gcc/arm-none-eabi/7.3.1/../../../../arm-none-eabi/lib/thumb/v7e-m/fpv4-sp/hard/libc_nano.a(lib_a-sscanf.o)
 .ARM.attributes
                0x00000000000008d6       0x34 /home/wumingju/Documents/aos/AliOS-Things/build/compiler/gcc-arm-none-eabi/Linux64/bin/../lib/gcc/arm-none-eabi/7.3.1/../../../../arm-none-eabi/lib/thumb/v7e-m/fpv4-sp/hard/libc_nano.a(lib_a-stdio.o)
 .ARM.attributes
                0x000000000000090a       0x34 /home/wumingju/Documents/aos/AliOS-Things/build/compiler/gcc-arm-none-eabi/Linux64/bin/../lib/gcc/arm-none-eabi/7.3.1/../../../../arm-none-eabi/lib/thumb/v7e-m/fpv4-sp/hard/libc_nano.a(lib_a-strcasecmp.o)
 .ARM.attributes
                0x000000000000093e       0x34 /home/wumingju/Documents/aos/AliOS-Things/build/compiler/gcc-arm-none-eabi/Linux64/bin/../lib/gcc/arm-none-eabi/7.3.1/../../../../arm-none-eabi/lib/thumb/v7e-m/fpv4-sp/hard/libc_nano.a(lib_a-strchr.o)
 .ARM.attributes
                0x0000000000000972       0x20 /home/wumingju/Documents/aos/AliOS-Things/build/compiler/gcc-arm-none-eabi/Linux64/bin/../lib/gcc/arm-none-eabi/7.3.1/../../../../arm-none-eabi/lib/thumb/v7e-m/fpv4-sp/hard/libc_nano.a(lib_a-strcmp.o)
 .ARM.attributes
                0x0000000000000992       0x1b /home/wumingju/Documents/aos/AliOS-Things/build/compiler/gcc-arm-none-eabi/Linux64/bin/../lib/gcc/arm-none-eabi/7.3.1/../../../../arm-none-eabi/lib/thumb/v7e-m/fpv4-sp/hard/libc_nano.a(lib_a-strlen.o)
 .ARM.attributes
                0x00000000000009ad       0x34 /home/wumingju/Documents/aos/AliOS-Things/build/compiler/gcc-arm-none-eabi/Linux64/bin/../lib/gcc/arm-none-eabi/7.3.1/../../../../arm-none-eabi/lib/thumb/v7e-m/fpv4-sp/hard/libc_nano.a(lib_a-strncmp.o)
 .ARM.attributes
                0x00000000000009e1       0x34 /home/wumingju/Documents/aos/AliOS-Things/build/compiler/gcc-arm-none-eabi/Linux64/bin/../lib/gcc/arm-none-eabi/7.3.1/../../../../arm-none-eabi/lib/thumb/v7e-m/fpv4-sp/hard/libc_nano.a(lib_a-vprintf.o)
 .ARM.attributes
                0x0000000000000a15       0x34 /home/wumingju/Documents/aos/AliOS-Things/build/compiler/gcc-arm-none-eabi/Linux64/bin/../lib/gcc/arm-none-eabi/7.3.1/../../../../arm-none-eabi/lib/thumb/v7e-m/fpv4-sp/hard/libc_nano.a(lib_a-vsnprintf.o)
 .ARM.attributes
                0x0000000000000a49       0x34 /home/wumingju/Documents/aos/AliOS-Things/build/compiler/gcc-arm-none-eabi/Linux64/bin/../lib/gcc/arm-none-eabi/7.3.1/../../../../arm-none-eabi/lib/thumb/v7e-m/fpv4-sp/hard/libc_nano.a(lib_a-vsprintf.o)
 .ARM.attributes
                0x0000000000000a7d       0x34 /home/wumingju/Documents/aos/AliOS-Things/build/compiler/gcc-arm-none-eabi/Linux64/bin/../lib/gcc/arm-none-eabi/7.3.1/../../../../arm-none-eabi/lib/thumb/v7e-m/fpv4-sp/hard/libc_nano.a(lib_a-vsscanf.o)
 .ARM.attributes
                0x0000000000000ab1       0x34 /home/wumingju/Documents/aos/AliOS-Things/build/compiler/gcc-arm-none-eabi/Linux64/bin/../lib/gcc/arm-none-eabi/7.3.1/../../../../arm-none-eabi/lib/thumb/v7e-m/fpv4-sp/hard/libc_nano.a(lib_a-wbuf.o)
 .ARM.attributes
                0x0000000000000ae5       0x34 /home/wumingju/Documents/aos/AliOS-Things/build/compiler/gcc-arm-none-eabi/Linux64/bin/../lib/gcc/arm-none-eabi/7.3.1/../../../../arm-none-eabi/lib/thumb/v7e-m/fpv4-sp/hard/libc_nano.a(lib_a-wctomb_r.o)
 .ARM.attributes
                0x0000000000000b19       0x34 /home/wumingju/Documents/aos/AliOS-Things/build/compiler/gcc-arm-none-eabi/Linux64/bin/../lib/gcc/arm-none-eabi/7.3.1/../../../../arm-none-eabi/lib/thumb/v7e-m/fpv4-sp/hard/libc_nano.a(lib_a-writer.o)
 .ARM.attributes
                0x0000000000000b4d       0x34 /home/wumingju/Documents/aos/AliOS-Things/build/compiler/gcc-arm-none-eabi/Linux64/bin/../lib/gcc/arm-none-eabi/7.3.1/../../../../arm-none-eabi/lib/thumb/v7e-m/fpv4-sp/hard/libc_nano.a(lib_a-wsetup.o)
 .ARM.attributes
                0x0000000000000b81       0x34 /home/wumingju/Documents/aos/AliOS-Things/build/compiler/gcc-arm-none-eabi/Linux64/bin/../lib/gcc/arm-none-eabi/7.3.1/../../../../arm-none-eabi/lib/thumb/v7e-m/fpv4-sp/hard/libc_nano.a(lib_a-closer.o)
 .ARM.attributes
                0x0000000000000bb5       0x34 /home/wumingju/Documents/aos/AliOS-Things/build/compiler/gcc-arm-none-eabi/Linux64/bin/../lib/gcc/arm-none-eabi/7.3.1/../../../../arm-none-eabi/lib/thumb/v7e-m/fpv4-sp/hard/libc_nano.a(lib_a-ctype_.o)
 .ARM.attributes
                0x0000000000000be9       0x34 /home/wumingju/Documents/aos/AliOS-Things/build/compiler/gcc-arm-none-eabi/Linux64/bin/../lib/gcc/arm-none-eabi/7.3.1/../../../../arm-none-eabi/lib/thumb/v7e-m/fpv4-sp/hard/libc_nano.a(lib_a-fflush.o)
 .ARM.attributes
                0x0000000000000c1d       0x34 /home/wumingju/Documents/aos/AliOS-Things/build/compiler/gcc-arm-none-eabi/Linux64/bin/../lib/gcc/arm-none-eabi/7.3.1/../../../../arm-none-eabi/lib/thumb/v7e-m/fpv4-sp/hard/libc_nano.a(lib_a-findfp.o)
 .ARM.attributes
                0x0000000000000c51       0x34 /home/wumingju/Documents/aos/AliOS-Things/build/compiler/gcc-arm-none-eabi/Linux64/bin/../lib/gcc/arm-none-eabi/7.3.1/../../../../arm-none-eabi/lib/thumb/v7e-m/fpv4-sp/hard/libc_nano.a(lib_a-fwalk.o)
 .ARM.attributes
                0x0000000000000c85       0x34 /home/wumingju/Documents/aos/AliOS-Things/build/compiler/gcc-arm-none-eabi/Linux64/bin/../lib/gcc/arm-none-eabi/7.3.1/../../../../arm-none-eabi/lib/thumb/v7e-m/fpv4-sp/hard/libc_nano.a(lib_a-lseekr.o)
 .ARM.attributes
                0x0000000000000cb9       0x34 /home/wumingju/Documents/aos/AliOS-Things/build/compiler/gcc-arm-none-eabi/Linux64/bin/../lib/gcc/arm-none-eabi/7.3.1/../../../../arm-none-eabi/lib/thumb/v7e-m/fpv4-sp/hard/libc_nano.a(lib_a-makebuf.o)
 .ARM.attributes
                0x0000000000000ced       0x34 /home/wumingju/Documents/aos/AliOS-Things/build/compiler/gcc-arm-none-eabi/Linux64/bin/../lib/gcc/arm-none-eabi/7.3.1/../../../../arm-none-eabi/lib/thumb/v7e-m/fpv4-sp/hard/libc_nano.a(lib_a-mlock.o)
 .ARM.attributes
                0x0000000000000d21       0x34 /home/wumingju/Documents/aos/AliOS-Things/build/compiler/gcc-arm-none-eabi/Linux64/bin/../lib/gcc/arm-none-eabi/7.3.1/../../../../arm-none-eabi/lib/thumb/v7e-m/fpv4-sp/hard/libc_nano.a(lib_a-nano-svfprintf.o)
 .ARM.attributes
                0x0000000000000d55       0x34 /home/wumingju/Documents/aos/AliOS-Things/build/compiler/gcc-arm-none-eabi/Linux64/bin/../lib/gcc/arm-none-eabi/7.3.1/../../../../arm-none-eabi/lib/thumb/v7e-m/fpv4-sp/hard/libc_nano.a(lib_a-nano-svfscanf.o)
 .ARM.attributes
                0x0000000000000d89       0x34 /home/wumingju/Documents/aos/AliOS-Things/build/compiler/gcc-arm-none-eabi/Linux64/bin/../lib/gcc/arm-none-eabi/7.3.1/../../../../arm-none-eabi/lib/thumb/v7e-m/fpv4-sp/hard/libc_nano.a(lib_a-nano-vfprintf.o)
 .ARM.attributes
                0x0000000000000dbd       0x34 /home/wumingju/Documents/aos/AliOS-Things/build/compiler/gcc-arm-none-eabi/Linux64/bin/../lib/gcc/arm-none-eabi/7.3.1/../../../../arm-none-eabi/lib/thumb/v7e-m/fpv4-sp/hard/libc_nano.a(lib_a-nano-vfprintf_i.o)
 .ARM.attributes
                0x0000000000000df1       0x34 /home/wumingju/Documents/aos/AliOS-Things/build/compiler/gcc-arm-none-eabi/Linux64/bin/../lib/gcc/arm-none-eabi/7.3.1/../../../../arm-none-eabi/lib/thumb/v7e-m/fpv4-sp/hard/libc_nano.a(lib_a-nano-vfscanf_i.o)
 .ARM.attributes
                0x0000000000000e25       0x34 /home/wumingju/Documents/aos/AliOS-Things/build/compiler/gcc-arm-none-eabi/Linux64/bin/../lib/gcc/arm-none-eabi/7.3.1/../../../../arm-none-eabi/lib/thumb/v7e-m/fpv4-sp/hard/libc_nano.a(lib_a-readr.o)
 .ARM.attributes
                0x0000000000000e59       0x34 /home/wumingju/Documents/aos/AliOS-Things/build/compiler/gcc-arm-none-eabi/Linux64/bin/../lib/gcc/arm-none-eabi/7.3.1/../../../../arm-none-eabi/lib/thumb/v7e-m/fpv4-sp/hard/libc_nano.a(lib_a-reent.o)
 .ARM.attributes
                0x0000000000000e8d       0x34 /home/wumingju/Documents/aos/AliOS-Things/build/compiler/gcc-arm-none-eabi/Linux64/bin/../lib/gcc/arm-none-eabi/7.3.1/../../../../arm-none-eabi/lib/thumb/v7e-m/fpv4-sp/hard/libc_nano.a(lib_a-sccl.o)
 .ARM.attributes
                0x0000000000000ec1       0x34 /home/wumingju/Documents/aos/AliOS-Things/build/compiler/gcc-arm-none-eabi/Linux64/bin/../lib/gcc/arm-none-eabi/7.3.1/../../../../arm-none-eabi/lib/thumb/v7e-m/fpv4-sp/hard/libc_nano.a(lib_a-strtol.o)
 .ARM.attributes
                0x0000000000000ef5       0x34 /home/wumingju/Documents/aos/AliOS-Things/build/compiler/gcc-arm-none-eabi/Linux64/bin/../lib/gcc/arm-none-eabi/7.3.1/../../../../arm-none-eabi/lib/thumb/v7e-m/fpv4-sp/hard/libc_nano.a(lib_a-strtoul.o)
 .ARM.attributes
                0x0000000000000f29       0x34 /home/wumingju/Documents/aos/AliOS-Things/build/compiler/gcc-arm-none-eabi/Linux64/bin/../lib/gcc/arm-none-eabi/7.3.1/../../../../arm-none-eabi/lib/thumb/v7e-m/fpv4-sp/hard/libc_nano.a(lib_a-ungetc.o)
 .ARM.attributes
                0x0000000000000f5d       0x34 /home/wumingju/Documents/aos/AliOS-Things/build/compiler/gcc-arm-none-eabi/Linux64/bin/../lib/gcc/arm-none-eabi/7.3.1/../../../../arm-none-eabi/lib/thumb/v7e-m/fpv4-sp/hard/libc_nano.a(lib_a-fstatr.o)
 .ARM.attributes
                0x0000000000000f91       0x34 /home/wumingju/Documents/aos/AliOS-Things/build/compiler/gcc-arm-none-eabi/Linux64/bin/../lib/gcc/arm-none-eabi/7.3.1/../../../../arm-none-eabi/lib/thumb/v7e-m/fpv4-sp/hard/libc_nano.a(lib_a-isattyr.o)
 .ARM.attributes
                0x0000000000000fc5       0x20 /home/wumingju/Documents/aos/AliOS-Things/build/compiler/gcc-arm-none-eabi/Linux64/bin/../lib/gcc/arm-none-eabi/7.3.1/../../../../arm-none-eabi/lib/thumb/v7e-m/fpv4-sp/hard/libc_nano.a(lib_a-memchr.o)
 .ARM.attributes
                0x0000000000000fe5       0x34 /home/wumingju/Documents/aos/AliOS-Things/build/compiler/gcc-arm-none-eabi/Linux64/bin/../lib/gcc/arm-none-eabi/7.3.1/../../../../arm-none-eabi/lib/thumb/v7e-m/fpv4-sp/hard/libc_nano.a(lib_a-nano-reallocr.o)
 .ARM.attributes
                0x0000000000001019       0x34 /home/wumingju/Documents/aos/AliOS-Things/build/compiler/gcc-arm-none-eabi/Linux64/bin/../lib/gcc/arm-none-eabi/7.3.1/../../../../arm-none-eabi/lib/thumb/v7e-m/fpv4-sp/hard/libc_nano.a(lib_a-nano-msizer.o)
 .ARM.attributes
                0x000000000000104d       0x34 /home/wumingju/Documents/aos/AliOS-Things/build/compiler/gcc-arm-none-eabi/Linux64/bin/../lib/gcc/arm-none-eabi/7.3.1/../../../../arm-none-eabi/lib/thumb/v7e-m/fpv4-sp/hard/libnosys.a(close.o)
 .ARM.attributes
                0x0000000000001081       0x34 /home/wumingju/Documents/aos/AliOS-Things/build/compiler/gcc-arm-none-eabi/Linux64/bin/../lib/gcc/arm-none-eabi/7.3.1/../../../../arm-none-eabi/lib/thumb/v7e-m/fpv4-sp/hard/libnosys.a(fstat.o)
 .ARM.attributes
                0x00000000000010b5       0x34 /home/wumingju/Documents/aos/AliOS-Things/build/compiler/gcc-arm-none-eabi/Linux64/bin/../lib/gcc/arm-none-eabi/7.3.1/../../../../arm-none-eabi/lib/thumb/v7e-m/fpv4-sp/hard/libnosys.a(isatty.o)
 .ARM.attributes
                0x00000000000010e9       0x34 /home/wumingju/Documents/aos/AliOS-Things/build/compiler/gcc-arm-none-eabi/Linux64/bin/../lib/gcc/arm-none-eabi/7.3.1/../../../../arm-none-eabi/lib/thumb/v7e-m/fpv4-sp/hard/libnosys.a(lseek.o)
 .ARM.attributes
                0x000000000000111d       0x34 /home/wumingju/Documents/aos/AliOS-Things/build/compiler/gcc-arm-none-eabi/Linux64/bin/../lib/gcc/arm-none-eabi/7.3.1/../../../../arm-none-eabi/lib/thumb/v7e-m/fpv4-sp/hard/libnosys.a(sbrk.o)
 .ARM.attributes
                0x0000000000001151       0x22 /home/wumingju/Documents/aos/AliOS-Things/build/compiler/gcc-arm-none-eabi/Linux64/bin/../lib/gcc/arm-none-eabi/7.3.1/thumb/v7e-m/fpv4-sp/hard/libgcc.a(_aeabi_uldivmod.o)
 .ARM.attributes
                0x0000000000001173       0x34 /home/wumingju/Documents/aos/AliOS-Things/build/compiler/gcc-arm-none-eabi/Linux64/bin/../lib/gcc/arm-none-eabi/7.3.1/thumb/v7e-m/fpv4-sp/hard/libgcc.a(_udivmoddi4.o)
 .ARM.attributes
                0x00000000000011a7       0x22 /home/wumingju/Documents/aos/AliOS-Things/build/compiler/gcc-arm-none-eabi/Linux64/bin/../lib/gcc/arm-none-eabi/7.3.1/thumb/v7e-m/fpv4-sp/hard/libgcc.a(_dvmd_tls.o)
 .ARM.attributes
                0x00000000000011c9       0x22 /home/wumingju/Documents/aos/AliOS-Things/build/compiler/gcc-arm-none-eabi/Linux64/bin/../lib/gcc/arm-none-eabi/7.3.1/thumb/v7e-m/fpv4-sp/hard/crtn.o
OUTPUT(GCC/build/iot-test.elf elf32-littlearm)

.debug_info     0x0000000000000000    0x1b403
 .debug_info    0x0000000000000000     0x1731 GCC/build/main.o
 .debug_info    0x0000000000001731      0xf34 GCC/build/stm32f4xx_hal_msp.o
 .debug_info    0x0000000000002665      0xb14 GCC/build/stm32f4xx_it.o
 .debug_info    0x0000000000003179      0xeb2 GCC/build/system_stm32f4xx.o
 .debug_info    0x000000000000402b     0x1448 GCC/build/stm32f4xx_hal_rcc.o
 .debug_info    0x0000000000005473     0x113d GCC/build/stm32f4xx_hal_gpio.o
 .debug_info    0x00000000000065b0     0x216a GCC/build/stm32f4xx_hal_uart.o
 .debug_info    0x000000000000871a     0x1885 GCC/build/stm32f4xx_hal_cortex.o
 .debug_info    0x0000000000009f9f     0x1329 GCC/build/stm32f4xx_hal.o
 .debug_info    0x000000000000b2c8     0x13a0 GCC/build/mx_gpio.o
 .debug_info    0x000000000000c668     0x104d GCC/build/mx_hal_atomic.o
 .debug_info    0x000000000000d6b5     0x15fc GCC/build/mx_serial.o
 .debug_info    0x000000000000ecb1     0x1570 GCC/build/mx_stdio.o
 .debug_info    0x0000000000010221      0xb20 GCC/build/mx_tick.o
 .debug_info    0x0000000000010d41     0x1947 GCC/build/mx_uart.o
 .debug_info    0x0000000000012688     0x1031 GCC/build/Retarget.o
 .debug_info    0x00000000000136b9     0x1cd3 GCC/build/mx_cli.o
 .debug_info    0x000000000001538c     0x19b9 GCC/build/ATCmdParser.o
 .debug_info    0x0000000000016d45      0xba4 GCC/build/emh_arg.o
 .debug_info    0x00000000000178e9      0xe02 GCC/build/emh_module.o
 .debug_info    0x00000000000186eb      0xdc1 GCC/build/emh_wlan.o
 .debug_info    0x00000000000194ac      0xcf8 GCC/build/mx_ringbuffer.o
 .debug_info    0x000000000001a1a4     0x123d GCC/build/at_test.o
 .debug_info    0x000000000001b3e1       0x22 GCC/build/startup_stm32f411xe.o

.debug_abbrev   0x0000000000000000     0x3d53
 .debug_abbrev  0x0000000000000000      0x295 GCC/build/main.o
 .debug_abbrev  0x0000000000000295      0x216 GCC/build/stm32f4xx_hal_msp.o
 .debug_abbrev  0x00000000000004ab      0x1db GCC/build/stm32f4xx_it.o
 .debug_abbrev  0x0000000000000686      0x1e6 GCC/build/system_stm32f4xx.o
 .debug_abbrev  0x000000000000086c      0x32f GCC/build/stm32f4xx_hal_rcc.o
 .debug_abbrev  0x0000000000000b9b      0x2be GCC/build/stm32f4xx_hal_gpio.o
 .debug_abbrev  0x0000000000000e59      0x375 GCC/build/stm32f4xx_hal_uart.o
 .debug_abbrev  0x00000000000011ce      0x3dc GCC/build/stm32f4xx_hal_cortex.o
 .debug_abbrev  0x00000000000015aa      0x2e1 GCC/build/stm32f4xx_hal.o
 .debug_abbrev  0x000000000000188b      0x221 GCC/build/mx_gpio.o
 .debug_abbrev  0x0000000000001aac      0x275 GCC/build/mx_hal_atomic.o
 .debug_abbrev  0x0000000000001d21      0x30e GCC/build/mx_serial.o
 .debug_abbrev  0x000000000000202f      0x2dc GCC/build/mx_stdio.o
 .debug_abbrev  0x000000000000230b      0x208 GCC/build/mx_tick.o
 .debug_abbrev  0x0000000000002513      0x310 GCC/build/mx_uart.o
 .debug_abbrev  0x0000000000002823      0x20b GCC/build/Retarget.o
 .debug_abbrev  0x0000000000002a2e      0x3c3 GCC/build/mx_cli.o
 .debug_abbrev  0x0000000000002df1      0x3ea GCC/build/ATCmdParser.o
 .debug_abbrev  0x00000000000031db      0x252 GCC/build/emh_arg.o
 .debug_abbrev  0x000000000000342d      0x239 GCC/build/emh_module.o
 .debug_abbrev  0x0000000000003666      0x261 GCC/build/emh_wlan.o
 .debug_abbrev  0x00000000000038c7      0x238 GCC/build/mx_ringbuffer.o